127.0.0.1 - - [11/Oct/2024:16:36:11 +0900] "GET / HTTP/1.1" 404 807
0:0:0:0:0:0:0:1 - - [11/Oct/2024:16:36:22 +0900] "GET /bizconnect/ HTTP/1.1" 200 532
0:0:0:0:0:0:0:1 - - [11/Oct/2024:16:36:31 +0900] "POST /bizconnect/login.do HTTP/1.1" 200 2964
0:0:0:0:0:0:0:1 - - [11/Oct/2024:16:36:32 +0900] "GET /bizconnect/menu.do HTTP/1.1" 200 538
0:0:0:0:0:0:0:1 - - [11/Oct/2024:16:36:33 +0900] "GET /bizconnect/hrManagement.do HTTP/1.1" 200 5491
0:0:0:0:0:0:0:1 - - [11/Oct/2024:16:36:35 +0900] "GET /bizconnect/retlist.do HTTP/1.1" 200 2354
0:0:0:0:0:0:0:1 - - [11/Oct/2024:16:36:37 +0900] "GET /bizconnect/retlist.do?retNo=&entryDate=&retDate=&retType= HTTP/1.1" 200 2354
127.0.0.1 - - [11/Oct/2024:16:49:37 +0900] "GET / HTTP/1.1" 404 807
0:0:0:0:0:0:0:1 - - [11/Oct/2024:16:49:47 +0900] "GET /bizconnect/hrManagement.do HTTP/1.1" 200 5491
0:0:0:0:0:0:0:1 - - [11/Oct/2024:16:49:48 +0900] "GET /bizconnect/hrManagement.do HTTP/1.1" 200 5491
0:0:0:0:0:0:0:1 - - [11/Oct/2024:16:49:48 +0900] "GET /bizconnect/hrManagement.do HTTP/1.1" 200 5491
0:0:0:0:0:0:0:1 - - [11/Oct/2024:16:49:48 +0900] "GET /bizconnect/hrManagement.do HTTP/1.1" 200 5491
0:0:0:0:0:0:0:1 - - [11/Oct/2024:16:49:50 +0900] "GET /bizconnect/retlist.do HTTP/1.1" 404 721
0:0:0:0:0:0:0:1 - - [11/Oct/2024:16:50:15 +0900] "GET /bizconnect/hrManagement.do HTTP/1.1" 200 5491
0:0:0:0:0:0:0:1 - - [11/Oct/2024:16:50:16 +0900] "GET /bizconnect/hrManagement.do HTTP/1.1" 200 5491
127.0.0.1 - - [11/Oct/2024:16:50:20 +0900] "GET / HTTP/1.1" 404 807
0:0:0:0:0:0:0:1 - - [11/Oct/2024:16:50:20 +0900] "GET /bizconnect/retlist.do HTTP/1.1" 404 721
0:0:0:0:0:0:0:1 - - [11/Oct/2024:16:50:20 +0900] "GET /bizconnect/hrManagement.do HTTP/1.1" 200 5491
0:0:0:0:0:0:0:1 - - [11/Oct/2024:16:50:20 +0900] "GET /bizconnect/hrManagement.do HTTP/1.1" 200 5491
0:0:0:0:0:0:0:1 - - [11/Oct/2024:16:55:39 +0900] "GET /bizconnect/retlist.do HTTP/1.1" 500 4844
0:0:0:0:0:0:0:1 - - [11/Oct/2024:16:55:43 +0900] "GET /bizconnect/retlist.do HTTP/1.1" 500 4844
127.0.0.1 - - [11/Oct/2024:16:57:54 +0900] "GET / HTTP/1.1" 404 807
0:0:0:0:0:0:0:1 - - [11/Oct/2024:16:57:58 +0900] "GET /bizconnect/hrManagement.do HTTP/1.1" 200 5491
0:0:0:0:0:0:0:1 - - [11/Oct/2024:16:57:59 +0900] "GET /bizconnect/retlist.do HTTP/1.1" 500 4844
127.0.0.1 - - [11/Oct/2024:17:07:44 +0900] "GET / HTTP/1.1" 404 807
0:0:0:0:0:0:0:1 - - [11/Oct/2024:17:07:48 +0900] "GET /bizconnect/retlist.do HTTP/1.1" 500 4844
0:0:0:0:0:0:0:1 - - [11/Oct/2024:17:07:49 +0900] "GET /bizconnect/hrManagement.do HTTP/1.1" 200 5491
0:0:0:0:0:0:0:1 - - [11/Oct/2024:17:07:51 +0900] "GET /bizconnect/retlist.do HTTP/1.1" 500 4844
0:0:0:0:0:0:0:1 - - [11/Oct/2024:17:10:33 +0900] "GET /bizconnect/retlist.do HTTP/1.1" 404 721
0:0:0:0:0:0:0:1 - - [11/Oct/2024:17:10:35 +0900] "GET /bizconnect/retlist.do HTTP/1.1" 404 721
0:0:0:0:0:0:0:1 - - [11/Oct/2024:17:18:14 +0900] "GET /bizconnect/retlist.do HTTP/1.1" 404 721
127.0.0.1 - - [11/Oct/2024:17:18:21 +0900] "GET / HTTP/1.1" 404 807
0:0:0:0:0:0:0:1 - - [11/Oct/2024:17:18:22 +0900] "GET /bizconnect/retlist.do HTTP/1.1" 404 721
127.0.0.1 - - [11/Oct/2024:17:19:02 +0900] "GET / HTTP/1.1" 404 807
127.0.0.1 - - [11/Oct/2024:17:19:02 +0900] "GET /bizconnect/retlist.do HTTP/1.1" 404 721
0:0:0:0:0:0:0:1 - - [11/Oct/2024:17:19:03 +0900] "GET /bizconnect/hrManagement.do HTTP/1.1" 200 5498
127.0.0.1 - - [11/Oct/2024:17:19:19 +0900] "GET / HTTP/1.1" 404 807
0:0:0:0:0:0:0:1 - - [11/Oct/2024:17:19:21 +0900] "GET /bizconnect/hrManagement.do HTTP/1.1" 200 5498
0:0:0:0:0:0:0:1 - - [11/Oct/2024:17:19:21 +0900] "GET /bizconnect/hrManagement.do HTTP/1.1" 200 5498
0:0:0:0:0:0:0:1 - - [11/Oct/2024:17:19:21 +0900] "GET /bizconnect/hrManagement.do HTTP/1.1" 200 5498
0:0:0:0:0:0:0:1 - - [11/Oct/2024:17:19:22 +0900] "GET /bizconnect/hrManagement.do HTTP/1.1" 200 5498
0:0:0:0:0:0:0:1 - - [11/Oct/2024:17:19:22 +0900] "GET /bizconnect/hrManagement.do HTTP/1.1" 200 5498
0:0:0:0:0:0:0:1 - - [11/Oct/2024:17:19:23 +0900] "GET /bizconnect/moveRetireList.do HTTP/1.1" 404 721
127.0.0.1 - - [11/Oct/2024:17:19:45 +0900] "GET / HTTP/1.1" 404 807
0:0:0:0:0:0:0:1 - - [11/Oct/2024:17:19:47 +0900] "GET /bizconnect/moveRetireList.do HTTP/1.1" 404 721
127.0.0.1 - - [11/Oct/2024:17:22:09 +0900] "GET / HTTP/1.1" 404 807
0:0:0:0:0:0:0:1 - - [11/Oct/2024:17:22:12 +0900] "GET /bizconnect/moveRetireList.do HTTP/1.1" 200 166
0:0:0:0:0:0:0:1 - - [11/Oct/2024:17:22:38 +0900] "GET /bizconnect/moveRetireList.do HTTP/1.1" 200 166
0:0:0:0:0:0:0:1 - - [11/Oct/2024:17:22:41 +0900] "GET /bizconnect/moveRetireList.do HTTP/1.1" 200 166
127.0.0.1 - - [11/Oct/2024:17:39:32 +0900] "GET / HTTP/1.1" 404 807
0:0:0:0:0:0:0:1 - - [11/Oct/2024:17:39:33 +0900] "GET /bizconnect/moveRetireList.do HTTP/1.1" 500 18387
0:0:0:0:0:0:0:1 - - [11/Oct/2024:17:49:29 +0900] "GET /bizconnect/moveRetireList.do HTTP/1.1" 500 18387
127.0.0.1 - - [11/Oct/2024:18:29:51 +0900] "GET / HTTP/1.1" 404 807
0:0:0:0:0:0:0:1 - - [11/Oct/2024:18:29:55 +0900] "GET /bizconnect/ HTTP/1.1" 200 510
0:0:0:0:0:0:0:1 - - [11/Oct/2024:18:30:09 +0900] "POST /bizconnect/login.do HTTP/1.1" 500 15831
0:0:0:0:0:0:0:1 - - [11/Oct/2024:18:30:22 +0900] "POST /bizconnect/login.do HTTP/1.1" 500 15831
127.0.0.1 - - [11/Oct/2024:19:00:21 +0900] "GET / HTTP/1.1" 404 807
127.0.0.1 - - [11/Oct/2024:19:00:43 +0900] "GET / HTTP/1.1" 404 807
0:0:0:0:0:0:0:1 - - [11/Oct/2024:19:00:43 +0900] "GET /bizconnect/ HTTP/1.1" 200 510
0:0:0:0:0:0:0:1 - - [11/Oct/2024:19:00:51 +0900] "POST /bizconnect/login.do HTTP/1.1" 500 15831
0:0:0:0:0:0:0:1 - - [11/Oct/2024:19:01:03 +0900] "POST /bizconnect/login.do HTTP/1.1" 500 15831
0:0:0:0:0:0:0:1 - - [11/Oct/2024:19:01:56 +0900] "POST /bizconnect/login.do HTTP/1.1" 500 15831
0:0:0:0:0:0:0:1 - - [11/Oct/2024:19:01:57 +0900] "POST /bizconnect/login.do HTTP/1.1" 500 15831
0:0:0:0:0:0:0:1 - - [11/Oct/2024:19:02:13 +0900] "POST /bizconnect/login.do HTTP/1.1" 500 15831
0:0:0:0:0:0:0:1 - - [11/Oct/2024:19:02:18 +0900] "POST /bizconnect/login.do HTTP/1.1" 500 15831
0:0:0:0:0:0:0:1 - - [11/Oct/2024:19:02:43 +0900] "POST /bizconnect/login.do HTTP/1.1" 500 15831
0:0:0:0:0:0:0:1 - - [11/Oct/2024:19:03:45 +0900] "POST /bizconnect/login.do HTTP/1.1" 500 15831
0:0:0:0:0:0:0:1 - - [11/Oct/2024:19:07:13 +0900] "GET /bizconnect/ HTTP/1.1" 200 510
0:0:0:0:0:0:0:1 - - [11/Oct/2024:19:07:23 +0900] "POST /bizconnect/login.do HTTP/1.1" 500 15831
0:0:0:0:0:0:0:1 - - [11/Oct/2024:19:08:12 +0900] "GET /bizconnect/ HTTP/1.1" 200 510
0:0:0:0:0:0:0:1 - - [11/Oct/2024:19:08:29 +0900] "POST /bizconnect/login.do HTTP/1.1" 500 15831
127.0.0.1 - - [11/Oct/2024:19:25:54 +0900] "GET / HTTP/1.1" 404 807
127.0.0.1 - - [11/Oct/2024:19:25:55 +0900] "GET /bizconnect/ HTTP/1.1" 500 10357
0:0:0:0:0:0:0:1 - - [11/Oct/2024:19:27:16 +0900] "GET /bizconnect/ HTTP/1.1" 500 10357
0:0:0:0:0:0:0:1 - - [11/Oct/2024:19:28:15 +0900] "GET /bizconnect/loginPage HTTP/1.1" 404 831
0:0:0:0:0:0:0:1 - - [11/Oct/2024:19:28:20 +0900] "GET /bizconnect/loginPage.do HTTP/1.1" 500 10924
127.0.0.1 - - [11/Oct/2024:19:30:05 +0900] "GET / HTTP/1.1" 404 807
0:0:0:0:0:0:0:1 - - [11/Oct/2024:19:30:11 +0900] "GET /bizconnect/loginPage.do HTTP/1.1" 500 10924
0:0:0:0:0:0:0:1 - - [11/Oct/2024:19:31:39 +0900] "GET /bizconnect/mainPage.do HTTP/1.1" 500 10924
0:0:0:0:0:0:0:1 - - [11/Oct/2024:19:32:06 +0900] "GET /bizconnect/loginPage HTTP/1.1" 404 831
0:0:0:0:0:0:0:1 - - [11/Oct/2024:19:32:12 +0900] "GET /bizconnect/loginPage.do HTTP/1.1" 500 10924
0:0:0:0:0:0:0:1 - - [11/Oct/2024:19:34:45 +0900] "GET /bizconnect/moveAttendance.do HTTP/1.1" 500 10924
127.0.0.1 - - [11/Oct/2024:19:35:07 +0900] "GET / HTTP/1.1" 404 807
0:0:0:0:0:0:0:1 - - [11/Oct/2024:19:35:10 +0900] "GET /bizconnect/loginPage.do HTTP/1.1" 500 10924
127.0.0.1 - - [11/Oct/2024:19:38:31 +0900] "GET / HTTP/1.1" 404 807
0:0:0:0:0:0:0:1 - - [11/Oct/2024:19:42:32 +0900] "GET /bizconnect/loginPage.do HTTP/1.1" 500 10924
127.0.0.1 - - [11/Oct/2024:19:45:32 +0900] "GET / HTTP/1.1" 404 807
0:0:0:0:0:0:0:1 - - [11/Oct/2024:19:45:38 +0900] "GET /bizconnect/loginPage.do HTTP/1.1" 200 510
0:0:0:0:0:0:0:1 - - [11/Oct/2024:19:45:49 +0900] "POST /bizconnect/login.do HTTP/1.1" 500 15831
127.0.0.1 - - [11/Oct/2024:19:47:11 +0900] "GET / HTTP/1.1" 404 807
0:0:0:0:0:0:0:1 - - [11/Oct/2024:19:47:24 +0900] "POST /bizconnect/login.do HTTP/1.1" 500 18355
127.0.0.1 - - [11/Oct/2024:19:47:32 +0900] "GET / HTTP/1.1" 404 807
0:0:0:0:0:0:0:1 - - [11/Oct/2024:19:47:33 +0900] "GET /bizconnect/loginPage.do HTTP/1.1" 200 510
0:0:0:0:0:0:0:1 - - [11/Oct/2024:19:47:34 +0900] "GET /bizconnect/loginPage.do HTTP/1.1" 200 510
0:0:0:0:0:0:0:1 - - [11/Oct/2024:19:47:34 +0900] "GET /bizconnect/loginPage.do HTTP/1.1" 200 510
0:0:0:0:0:0:0:1 - - [11/Oct/2024:19:47:34 +0900] "GET /bizconnect/loginPage.do HTTP/1.1" 200 510
0:0:0:0:0:0:0:1 - - [11/Oct/2024:19:47:34 +0900] "GET /bizconnect/loginPage.do HTTP/1.1" 200 510
0:0:0:0:0:0:0:1 - - [11/Oct/2024:19:47:35 +0900] "GET /bizconnect/loginPage.do HTTP/1.1" 200 510
0:0:0:0:0:0:0:1 - - [11/Oct/2024:19:47:35 +0900] "GET /bizconnect/loginPage.do HTTP/1.1" 200 510
0:0:0:0:0:0:0:1 - - [11/Oct/2024:19:47:40 +0900] "POST /bizconnect/login.do HTTP/1.1" 500 18355
127.0.0.1 - - [11/Oct/2024:19:50:10 +0900] "GET / HTTP/1.1" 404 807
0:0:0:0:0:0:0:1 - - [11/Oct/2024:19:50:13 +0900] "POST /bizconnect/login.do HTTP/1.1" 500 18355
0:0:0:0:0:0:0:1 - - [11/Oct/2024:19:50:14 +0900] "POST /bizconnect/login.do HTTP/1.1" 500 18355
0:0:0:0:0:0:0:1 - - [11/Oct/2024:19:50:17 +0900] "POST /bizconnect/login.do HTTP/1.1" 500 18355
127.0.0.1 - - [11/Oct/2024:19:51:19 +0900] "GET / HTTP/1.1" 404 807
0:0:0:0:0:0:0:1 - - [11/Oct/2024:19:51:24 +0900] "GET /bizconnect/loginPage.do HTTP/1.1" 200 510
0:0:0:0:0:0:0:1 - - [11/Oct/2024:19:51:25 +0900] "GET /bizconnect/loginPage.do HTTP/1.1" 200 510
0:0:0:0:0:0:0:1 - - [11/Oct/2024:19:51:25 +0900] "GET /bizconnect/loginPage.do HTTP/1.1" 200 510
0:0:0:0:0:0:0:1 - - [11/Oct/2024:19:51:25 +0900] "GET /bizconnect/loginPage.do HTTP/1.1" 200 510
0:0:0:0:0:0:0:1 - - [11/Oct/2024:19:51:25 +0900] "GET /bizconnect/loginPage.do HTTP/1.1" 200 510
0:0:0:0:0:0:0:1 - - [11/Oct/2024:19:51:25 +0900] "GET /bizconnect/loginPage.do HTTP/1.1" 200 510
0:0:0:0:0:0:0:1 - - [11/Oct/2024:19:51:25 +0900] "GET /bizconnect/loginPage.do HTTP/1.1" 200 510
0:0:0:0:0:0:0:1 - - [11/Oct/2024:19:51:31 +0900] "POST /bizconnect/login.do HTTP/1.1" 500 18355
127.0.0.1 - - [11/Oct/2024:19:52:31 +0900] "GET / HTTP/1.1" 404 807
0:0:0:0:0:0:0:1 - - [11/Oct/2024:19:52:33 +0900] "POST /bizconnect/login.do HTTP/1.1" 302 -
0:0:0:0:0:0:0:1 - - [11/Oct/2024:19:52:33 +0900] "GET /bizconnect/main.do HTTP/1.1" 200 2836
0:0:0:0:0:0:0:1 - - [11/Oct/2024:19:52:39 +0900] "GET /bizconnect/menu.do HTTP/1.1" 200 518
0:0:0:0:0:0:0:1 - - [11/Oct/2024:19:52:40 +0900] "GET /bizconnect/hrManagement.do HTTP/1.1" 200 158
0:0:0:0:0:0:0:1 - - [11/Oct/2024:19:52:42 +0900] "GET /bizconnect/hrManagement.do HTTP/1.1" 200 158
0:0:0:0:0:0:0:1 - - [11/Oct/2024:19:52:46 +0900] "GET /bizconnect/hrManagement.do HTTP/1.1" 200 158
0:0:0:0:0:0:0:1 - - [11/Oct/2024:19:52:49 +0900] "GET /bizconnect/prManagement.do HTTP/1.1" 200 162
0:0:0:0:0:0:0:1 - - [11/Oct/2024:19:52:53 +0900] "GET /bizconnect/menu.do HTTP/1.1" 200 518
0:0:0:0:0:0:0:1 - - [11/Oct/2024:19:52:54 +0900] "GET /bizconnect/hrManagement.do HTTP/1.1" 200 158
0:0:0:0:0:0:0:1 - - [11/Oct/2024:19:52:57 +0900] "GET /bizconnect/menu.do HTTP/1.1" 200 518
127.0.0.1 - - [11/Oct/2024:19:53:45 +0900] "GET / HTTP/1.1" 404 807
0:0:0:0:0:0:0:1 - - [11/Oct/2024:19:53:45 +0900] "GET /bizconnect/hrManagement.do HTTP/1.1" 200 158
0:0:0:0:0:0:0:1 - - [11/Oct/2024:19:53:48 +0900] "GET /bizconnect/menu.do HTTP/1.1" 200 508
0:0:0:0:0:0:0:1 - - [11/Oct/2024:19:53:48 +0900] "GET /bizconnect/menu.do HTTP/1.1" 200 508
0:0:0:0:0:0:0:1 - - [11/Oct/2024:19:53:48 +0900] "GET /bizconnect/menu.do HTTP/1.1" 200 508
0:0:0:0:0:0:0:1 - - [11/Oct/2024:19:53:50 +0900] "GET /bizconnect/moveAttendance.do HTTP/1.1" 200 5425
0:0:0:0:0:0:0:1 - - [11/Oct/2024:19:53:50 +0900] "GET /bizconnect/moveAttendance.do HTTP/1.1" 200 5425
0:0:0:0:0:0:0:1 - - [11/Oct/2024:19:53:50 +0900] "GET /bizconnect/resources/css/common/menubar.css HTTP/1.1" 200 760
0:0:0:0:0:0:0:1 - - [11/Oct/2024:19:53:50 +0900] "GET /bizconnect/resources/css/common/click.css?after HTTP/1.1" 200 2062
0:0:0:0:0:0:0:1 - - [11/Oct/2024:19:53:50 +0900] "GET /bizconnect/resources/css/common/footer.css?after HTTP/1.1" 200 221
0:0:0:0:0:0:0:1 - - [11/Oct/2024:19:53:50 +0900] "GET /bizconnect/resources/css/hr/attendance.css?after HTTP/1.1" 200 624
0:0:0:0:0:0:0:1 - - [11/Oct/2024:19:53:50 +0900] "GET /bizconnect/resources/css/common/header.css?after HTTP/1.1" 200 1422
0:0:0:0:0:0:0:1 - - [11/Oct/2024:19:53:50 +0900] "GET /bizconnect/resources/js/jquery-3.7.1.min.js HTTP/1.1" 200 87533
0:0:0:0:0:0:0:1 - - [11/Oct/2024:19:53:50 +0900] "GET /bizconnect/resources/js/click.js HTTP/1.1" 200 1674
0:0:0:0:0:0:0:1 - - [11/Oct/2024:19:53:50 +0900] "GET /bizconnect/resources/js/hr.js HTTP/1.1" 200 855
0:0:0:0:0:0:0:1 - - [11/Oct/2024:19:53:56 +0900] "GET /bizconnect/retire.do';%20return%20false; HTTP/1.1" 404 855
0:0:0:0:0:0:0:1 - - [11/Oct/2024:19:55:09 +0900] "GET /bizconnect/retire.do';%20return%20false; HTTP/1.1" 404 855
127.0.0.1 - - [11/Oct/2024:19:55:14 +0900] "GET / HTTP/1.1" 404 807
0:0:0:0:0:0:0:1 - - [11/Oct/2024:19:55:15 +0900] "GET /bizconnect/retire.do';%20return%20false; HTTP/1.1" 404 855
0:0:0:0:0:0:0:1 - - [11/Oct/2024:19:55:19 +0900] "GET /bizconnect/retire.do';%20return%20false; HTTP/1.1" 404 855
127.0.0.1 - - [11/Oct/2024:19:55:52 +0900] "GET / HTTP/1.1" 404 807
0:0:0:0:0:0:0:1 - - [11/Oct/2024:19:55:56 +0900] "GET /bizconnect/moveAttendance.do HTTP/1.1" 200 5409
0:0:0:0:0:0:0:1 - - [11/Oct/2024:19:55:59 +0900] "GET /bizconnect/retire.do HTTP/1.1" 500 5670
127.0.0.1 - - [11/Oct/2024:19:56:34 +0900] "GET / HTTP/1.1" 404 807
0:0:0:0:0:0:0:1 - - [11/Oct/2024:19:56:36 +0900] "GET /bizconnect/retire.do HTTP/1.1" 500 5670
0:0:0:0:0:0:0:1 - - [11/Oct/2024:19:56:39 +0900] "GET /bizconnect/retire.do HTTP/1.1" 500 5670
127.0.0.1 - - [11/Oct/2024:19:59:24 +0900] "GET / HTTP/1.1" 404 807
0:0:0:0:0:0:0:1 - - [11/Oct/2024:19:59:26 +0900] "GET /bizconnect/retire.do HTTP/1.1" 500 5670
127.0.0.1 - - [11/Oct/2024:20:03:12 +0900] "GET / HTTP/1.1" 404 807
0:0:0:0:0:0:0:1 - - [11/Oct/2024:20:03:15 +0900] "GET /bizconnect/retire.do HTTP/1.1" 500 5670
127.0.0.1 - - [11/Oct/2024:20:03:42 +0900] "GET / HTTP/1.1" 404 807
0:0:0:0:0:0:0:1 - - [11/Oct/2024:20:03:46 +0900] "GET /bizconnect/retire.do HTTP/1.1" 500 5670
127.0.0.1 - - [11/Oct/2024:20:06:26 +0900] "GET / HTTP/1.1" 404 807
0:0:0:0:0:0:0:1 - - [11/Oct/2024:20:06:34 +0900] "GET /bizconnect/retire.do HTTP/1.1" 500 5670
0:0:0:0:0:0:0:1 - - [11/Oct/2024:20:06:35 +0900] "GET /bizconnect/retire.do HTTP/1.1" 500 5670
0:0:0:0:0:0:0:1 - - [11/Oct/2024:20:06:41 +0900] "GET /bizconnect/retire.do HTTP/1.1" 500 5670
0:0:0:0:0:0:0:1 - - [11/Oct/2024:20:07:02 +0900] "GET /bizconnect/retire.do HTTP/1.1" 404 721
127.0.0.1 - - [11/Oct/2024:20:08:02 +0900] "GET / HTTP/1.1" 404 807
0:0:0:0:0:0:0:1 - - [11/Oct/2024:20:08:05 +0900] "GET /bizconnect/retire.do HTTP/1.1" 200 7803
0:0:0:0:0:0:0:1 - - [11/Oct/2024:20:08:05 +0900] "GET /bizconnect/resources/css/common/header.css?after HTTP/1.1" 304 -
0:0:0:0:0:0:0:1 - - [11/Oct/2024:20:08:05 +0900] "GET /bizconnect/resources/css/common/menubar.css HTTP/1.1" 304 -
0:0:0:0:0:0:0:1 - - [11/Oct/2024:20:08:05 +0900] "GET /bizconnect/resources/js/jquery-3.7.1.min.js HTTP/1.1" 304 -
0:0:0:0:0:0:0:1 - - [11/Oct/2024:20:08:05 +0900] "GET /bizconnect/resources/js/hr.js HTTP/1.1" 304 -
0:0:0:0:0:0:0:1 - - [11/Oct/2024:20:08:21 +0900] "GET /bizconnect/retire.do HTTP/1.1" 200 7803
127.0.0.1 - - [11/Oct/2024:20:17:24 +0900] "GET / HTTP/1.1" 404 807
0:0:0:0:0:0:0:1 - - [11/Oct/2024:20:17:26 +0900] "GET /bizconnect/retire.do HTTP/1.1" 200 7803
127.0.0.1 - - [11/Oct/2024:20:17:32 +0900] "GET / HTTP/1.1" 404 807
0:0:0:0:0:0:0:1 - - [11/Oct/2024:20:17:36 +0900] "GET /bizconnect/retire.do HTTP/1.1" 200 7803
127.0.0.1 - - [11/Oct/2024:20:19:55 +0900] "GET / HTTP/1.1" 404 807
0:0:0:0:0:0:0:1 - - [11/Oct/2024:20:19:56 +0900] "GET /bizconnect/retire.do HTTP/1.1" 200 8041
127.0.0.1 - - [11/Oct/2024:20:24:01 +0900] "GET / HTTP/1.1" 404 807
0:0:0:0:0:0:0:1 - - [11/Oct/2024:20:24:04 +0900] "GET /bizconnect/retire.do HTTP/1.1" 200 8898
0:0:0:0:0:0:0:1 - - [11/Oct/2024:20:24:04 +0900] "GET /bizconnect/resources/css/common/header.css?after HTTP/1.1" 304 -
0:0:0:0:0:0:0:1 - - [11/Oct/2024:20:24:04 +0900] "GET /bizconnect/resources/css/common/menubar.css HTTP/1.1" 304 -
0:0:0:0:0:0:0:1 - - [11/Oct/2024:20:24:04 +0900] "GET /bizconnect/resources/js/hr.js HTTP/1.1" 304 -
0:0:0:0:0:0:0:1 - - [11/Oct/2024:20:24:04 +0900] "GET /bizconnect/resources/js/jquery-3.7.1.min.js HTTP/1.1" 304 -
127.0.0.1 - - [11/Oct/2024:20:27:07 +0900] "GET / HTTP/1.1" 404 807
0:0:0:0:0:0:0:1 - - [11/Oct/2024:20:27:08 +0900] "GET /bizconnect/retire.do HTTP/1.1" 200 9085
127.0.0.1 - - [11/Oct/2024:20:28:25 +0900] "GET / HTTP/1.1" 404 807
0:0:0:0:0:0:0:1 - - [11/Oct/2024:20:28:30 +0900] "GET /bizconnect/retire.do HTTP/1.1" 200 10140
0:0:0:0:0:0:0:1 - - [11/Oct/2024:20:28:30 +0900] "GET /bizconnect/resources/css/common/footer.css?after HTTP/1.1" 304 -
0:0:0:0:0:0:0:1 - - [11/Oct/2024:20:28:43 +0900] "GET /bizconnect/main.do HTTP/1.1" 302 -
0:0:0:0:0:0:0:1 - - [11/Oct/2024:20:28:43 +0900] "GET /bizconnect/loginPage.do HTTP/1.1" 200 510
0:0:0:0:0:0:0:1 - - [11/Oct/2024:20:28:50 +0900] "GET /bizconnect/main.do HTTP/1.1" 302 -
0:0:0:0:0:0:0:1 - - [11/Oct/2024:20:28:50 +0900] "GET /bizconnect/loginPage.do HTTP/1.1" 200 510
127.0.0.1 - - [11/Oct/2024:20:30:52 +0900] "GET / HTTP/1.1" 404 807
0:0:0:0:0:0:0:1 - - [11/Oct/2024:20:30:54 +0900] "GET /bizconnect/retire.do HTTP/1.1" 200 10850
127.0.0.1 - - [11/Oct/2024:20:41:24 +0900] "GET / HTTP/1.1" 404 807
0:0:0:0:0:0:0:1 - - [11/Oct/2024:20:41:26 +0900] "GET /bizconnect/retire.do HTTP/1.1" 200 10062
0:0:0:0:0:0:0:1 - - [11/Oct/2024:20:41:26 +0900] "GET /bizconnect/resources/js/hr.js HTTP/1.1" 304 -
0:0:0:0:0:0:0:1 - - [11/Oct/2024:20:41:26 +0900] "GET /bizconnect/resources/js/jquery-3.7.1.min.js HTTP/1.1" 304 -
0:0:0:0:0:0:0:1 - - [11/Oct/2024:20:41:26 +0900] "GET /bizconnect/resources/css/common/menubar.css HTTP/1.1" 304 -
0:0:0:0:0:0:0:1 - - [11/Oct/2024:20:41:27 +0900] "GET /bizconnect/retire.do HTTP/1.1" 200 10062
127.0.0.1 - - [11/Oct/2024:20:42:30 +0900] "GET / HTTP/1.1" 404 807
127.0.0.1 - - [11/Oct/2024:20:42:49 +0900] "GET / HTTP/1.1" 404 807
0:0:0:0:0:0:0:1 - - [11/Oct/2024:20:42:49 +0900] "GET /bizconnect/retire.do HTTP/1.1" 200 10996
0:0:0:0:0:0:0:1 - - [11/Oct/2024:20:42:49 +0900] "GET /bizconnect/resources/css/common/header.css?after HTTP/1.1" 304 -
127.0.0.1 - - [11/Oct/2024:20:50:03 +0900] "GET / HTTP/1.1" 404 807
127.0.0.1 - - [11/Oct/2024:20:50:30 +0900] "GET / HTTP/1.1" 404 807
0:0:0:0:0:0:0:1 - - [11/Oct/2024:20:50:32 +0900] "GET /bizconnect/ HTTP/1.1" 200 510
0:0:0:0:0:0:0:1 - - [11/Oct/2024:20:50:40 +0900] "POST /bizconnect/login.do HTTP/1.1" 302 -
0:0:0:0:0:0:0:1 - - [11/Oct/2024:20:50:40 +0900] "GET /bizconnect/main.do HTTP/1.1" 200 2836
0:0:0:0:0:0:0:1 - - [11/Oct/2024:20:50:41 +0900] "GET /bizconnect/menu.do HTTP/1.1" 200 508
0:0:0:0:0:0:0:1 - - [11/Oct/2024:20:50:42 +0900] "GET /bizconnect/moveAttendance.do HTTP/1.1" 200 5406
0:0:0:0:0:0:0:1 - - [11/Oct/2024:20:50:42 +0900] "GET /bizconnect/resources/css/hr/attendance.css?after HTTP/1.1" 304 -
0:0:0:0:0:0:0:1 - - [11/Oct/2024:20:50:42 +0900] "GET /bizconnect/resources/js/click.js HTTP/1.1" 304 -
0:0:0:0:0:0:0:1 - - [11/Oct/2024:20:50:42 +0900] "GET /bizconnect/resources/css/common/footer.css?after HTTP/1.1" 304 -
0:0:0:0:0:0:0:1 - - [11/Oct/2024:20:50:42 +0900] "GET /bizconnect/resources/css/common/click.css?after HTTP/1.1" 304 -
0:0:0:0:0:0:0:1 - - [11/Oct/2024:20:50:45 +0900] "GET /bizconnect/retire.do HTTP/1.1" 200 13005
0:0:0:0:0:0:0:1 - - [11/Oct/2024:20:53:12 +0900] "POST /bizconnect/retire/add HTTP/1.1" 404 836
