127.0.0.1 - - [15/Oct/2024:09:23:29 +0900] "GET / HTTP/1.1" 404 807
0:0:0:0:0:0:0:1 - - [15/Oct/2024:09:23:33 +0900] "GET /bizconnect/moveAttendanceUpdateM.do HTTP/1.1" 404 846
0:0:0:0:0:0:0:1 - - [15/Oct/2024:09:23:34 +0900] "GET /bizconnect/moveAttendanceUpdateM.do HTTP/1.1" 404 846
0:0:0:0:0:0:0:1 - - [15/Oct/2024:09:23:34 +0900] "GET /favicon.ico HTTP/1.1" 404 818
127.0.0.1 - - [15/Oct/2024:09:24:08 +0900] "GET / HTTP/1.1" 404 807
127.0.0.1 - - [15/Oct/2024:09:26:54 +0900] "GET / HTTP/1.1" 404 807
127.0.0.1 - - [15/Oct/2024:09:28:24 +0900] "GET / HTTP/1.1" 404 807
127.0.0.1 - - [15/Oct/2024:09:28:39 +0900] "GET / HTTP/1.1" 404 807
0:0:0:0:0:0:0:1 - - [15/Oct/2024:09:28:47 +0900] "GET /bizconnect/moveAttendanceUpdateM.do HTTP/1.1" 200 6574
0:0:0:0:0:0:0:1 - - [15/Oct/2024:09:28:47 +0900] "GET /bizconnect/resources/js/hr/attendanceUpdateM.js HTTP/1.1" 304 -
0:0:0:0:0:0:0:1 - - [15/Oct/2024:09:28:47 +0900] "GET /bizconnect/resources/css/common/footer.css?after HTTP/1.1" 304 -
0:0:0:0:0:0:0:1 - - [15/Oct/2024:09:28:47 +0900] "GET /bizconnect/resources/js/jquery-3.7.1.min.js HTTP/1.1" 304 -
0:0:0:0:0:0:0:1 - - [15/Oct/2024:09:28:47 +0900] "GET /bizconnect/resources/css/common/menubar.css HTTP/1.1" 304 -
0:0:0:0:0:0:0:1 - - [15/Oct/2024:09:28:47 +0900] "GET /bizconnect/resources/css/hr/attendanceUpdateM.css?after HTTP/1.1" 304 -
0:0:0:0:0:0:0:1 - - [15/Oct/2024:09:28:47 +0900] "GET /bizconnect/resources/css/common/header.css?after HTTP/1.1" 304 -
0:0:0:0:0:0:0:1 - - [15/Oct/2024:09:28:47 +0900] "GET /bizconnect/resources/js/hr.js HTTP/1.1" 304 -
0:0:0:0:0:0:0:1 - - [15/Oct/2024:09:28:54 +0900] "GET /bizconnect/retList.do?page=1 HTTP/1.1" 200 7463
0:0:0:0:0:0:0:1 - - [15/Oct/2024:09:28:54 +0900] "GET /bizconnect/resources/css/common/styles.css HTTP/1.1" 304 -
127.0.0.1 - - [15/Oct/2024:09:38:36 +0900] "GET / HTTP/1.1" 404 807
0:0:0:0:0:0:0:1 - - [15/Oct/2024:09:39:23 +0900] "GET /bizconnect/retList.do?page=1 HTTP/1.1" 200 7463
127.0.0.1 - - [15/Oct/2024:09:39:27 +0900] "GET / HTTP/1.1" 404 807
0:0:0:0:0:0:0:1 - - [15/Oct/2024:09:39:28 +0900] "GET /bizconnect/retList.do?page=1 HTTP/1.1" 200 7463
0:0:0:0:0:0:0:1 - - [15/Oct/2024:09:39:37 +0900] "GET /bizconnect/retireEditForm.do?retNo=RET10 HTTP/1.1" 200 931
127.0.0.1 - - [15/Oct/2024:10:42:25 +0900] "GET / HTTP/1.1" 404 807
0:0:0:0:0:0:0:1 - - [15/Oct/2024:10:42:45 +0900] "GET /bizconnect/moveAttendanceUpdateM.do HTTP/1.1" 200 6574
0:0:0:0:0:0:0:1 - - [15/Oct/2024:10:42:47 +0900] "GET /bizconnect/retList.do?page=1 HTTP/1.1" 500 4442
127.0.0.1 - - [15/Oct/2024:10:43:37 +0900] "GET / HTTP/1.1" 404 807
0:0:0:0:0:0:0:1 - - [15/Oct/2024:10:43:41 +0900] "GET /bizconnect/retList.do?page=1 HTTP/1.1" 200 5649
0:0:0:0:0:0:0:1 - - [15/Oct/2024:10:43:47 +0900] "GET /bizconnect/retireAddForm.do HTTP/1.1" 200 835
0:0:0:0:0:0:0:1 - - [15/Oct/2024:10:44:35 +0900] "GET /bizconnect/retAdd.do?gid=GID001&comCode=COM001&retNo=rer1&userEntryDate=2021-01-12&retDate=0021-01-22&retTotalDate=12&retType=Full-time&exitReason=asdkf HTTP/1.1" 302 -
0:0:0:0:0:0:0:1 - - [15/Oct/2024:10:44:35 +0900] "GET /bizconnect/retList.do HTTP/1.1" 200 5649
0:0:0:0:0:0:0:1 - - [15/Oct/2024:10:46:48 +0900] "GET /bizconnect/retList.do?page=1 HTTP/1.1" 200 5649
0:0:0:0:0:0:0:1 - - [15/Oct/2024:10:46:54 +0900] "GET /bizconnect/retireAddForm.do HTTP/1.1" 200 764
0:0:0:0:0:0:0:1 - - [15/Oct/2024:10:47:48 +0900] "GET /bizconnect/retList.do?page=1 HTTP/1.1" 200 5649
127.0.0.1 - - [15/Oct/2024:10:53:01 +0900] "GET / HTTP/1.1" 404 807
0:0:0:0:0:0:0:1 - - [15/Oct/2024:10:53:04 +0900] "GET /bizconnect/retList.do?page=1 HTTP/1.1" 404 832
0:0:0:0:0:0:0:1 - - [15/Oct/2024:10:53:07 +0900] "GET /bizconnect/retList.do?page=1 HTTP/1.1" 404 832
0:0:0:0:0:0:0:1 - - [15/Oct/2024:10:53:22 +0900] "GET /bizconnect/retList.do?page=1 HTTP/1.1" 404 832
127.0.0.1 - - [15/Oct/2024:10:53:29 +0900] "GET / HTTP/1.1" 404 807
0:0:0:0:0:0:0:1 - - [15/Oct/2024:10:54:39 +0900] "GET /bizconnect/retList.do?page=1 HTTP/1.1" 404 832
0:0:0:0:0:0:0:1 - - [15/Oct/2024:10:54:45 +0900] "GET /bizconnect/retList.do HTTP/1.1" 404 832
0:0:0:0:0:0:0:1 - - [15/Oct/2024:10:54:52 +0900] "GET /bizconnect/moveAttendanceUpdateM.do HTTP/1.1" 404 846
0:0:0:0:0:0:0:1 - - [15/Oct/2024:10:54:53 +0900] "GET /bizconnect/moveAttendanceUpdateM.do HTTP/1.1" 404 846
0:0:0:0:0:0:0:1 - - [15/Oct/2024:10:54:54 +0900] "GET /bizconnect/moveAttendanceUpdateM.do HTTP/1.1" 404 846
127.0.0.1 - - [15/Oct/2024:10:55:30 +0900] "GET / HTTP/1.1" 404 807
0:0:0:0:0:0:0:1 - - [15/Oct/2024:10:55:34 +0900] "GET /bizconnect/moveAttendanceUpdateM.do HTTP/1.1" 200 6574
0:0:0:0:0:0:0:1 - - [15/Oct/2024:10:55:37 +0900] "GET /bizconnect/retList.do?page=1 HTTP/1.1" 200 7430
0:0:0:0:0:0:0:1 - - [15/Oct/2024:10:55:56 +0900] "GET /bizconnect/retireEditForm.do?retNo=10 HTTP/1.1" 200 928
0:0:0:0:0:0:0:1 - - [15/Oct/2024:10:56:29 +0900] "GET /bizconnect/retireEditForm.do?retNo=10 HTTP/1.1" 200 928
127.0.0.1 - - [15/Oct/2024:11:00:43 +0900] "GET / HTTP/1.1" 404 807
0:0:0:0:0:0:0:1 - - [15/Oct/2024:11:00:47 +0900] "GET /bizconnect/moveAttendanceUpdateM.do HTTP/1.1" 200 6574
0:0:0:0:0:0:0:1 - - [15/Oct/2024:11:00:50 +0900] "GET /bizconnect/retList.do?page=1 HTTP/1.1" 200 7430
0:0:0:0:0:0:0:1 - - [15/Oct/2024:11:00:54 +0900] "GET /bizconnect/retireEditForm.do?retNo=10 HTTP/1.1" 200 928
127.0.0.1 - - [15/Oct/2024:12:17:08 +0900] "GET / HTTP/1.1" 404 807
0:0:0:0:0:0:0:1 - - [15/Oct/2024:12:17:18 +0900] "GET /bizconnect/retList.do?page=1 HTTP/1.1" 500 4442
0:0:0:0:0:0:0:1 - - [15/Oct/2024:12:17:24 +0900] "GET /bizconnect/moveAttendanceUpdateM.do HTTP/1.1" 200 11133
0:0:0:0:0:0:0:1 - - [15/Oct/2024:12:17:24 +0900] "GET /bizconnect/moveAttendanceUpdateM.do HTTP/1.1" 200 11133
0:0:0:0:0:0:0:1 - - [15/Oct/2024:12:17:26 +0900] "GET /bizconnect/retList.do?page=1 HTTP/1.1" 500 4442
127.0.0.1 - - [15/Oct/2024:12:19:24 +0900] "GET / HTTP/1.1" 404 807
0:0:0:0:0:0:0:1 - - [15/Oct/2024:12:19:26 +0900] "GET /bizconnect/retList.do?page=1 HTTP/1.1" 200 5620
0:0:0:0:0:0:0:1 - - [15/Oct/2024:12:19:29 +0900] "GET /bizconnect/retireAddForm.do HTTP/1.1" 200 764
0:0:0:0:0:0:0:1 - - [15/Oct/2024:12:20:15 +0900] "GET /bizconnect/retAdd.do?gid=GID001&comCode=COM001&userEntryDate=2020-11-21&retDate=2021-02-21&retTotalDate=111&retType=Full-time&exitReason=adsad HTTP/1.1" 302 -
0:0:0:0:0:0:0:1 - - [15/Oct/2024:12:20:15 +0900] "GET /bizconnect/retList.do HTTP/1.1" 200 5620
0:0:0:0:0:0:0:1 - - [15/Oct/2024:12:20:32 +0900] "GET /bizconnect/retList.do?page=1 HTTP/1.1" 200 5620
0:0:0:0:0:0:0:1 - - [15/Oct/2024:12:21:46 +0900] "GET /bizconnect/convertPage.do HTTP/1.1" 404 721
0:0:0:0:0:0:0:1 - - [15/Oct/2024:12:30:29 +0900] "GET /bizconnect/retireAddForm.do HTTP/1.1" 404 721
127.0.0.1 - - [15/Oct/2024:12:30:36 +0900] "GET / HTTP/1.1" 404 807
0:0:0:0:0:0:0:1 - - [15/Oct/2024:12:30:36 +0900] "GET /bizconnect/retireAddForm.do HTTP/1.1" 500 14012
127.0.0.1 - - [15/Oct/2024:14:28:09 +0900] "GET / HTTP/1.1" 404 807
0:0:0:0:0:0:0:1 - - [15/Oct/2024:14:28:16 +0900] "GET /bizconnect/retList.do?page=1 HTTP/1.1" 500 3758
127.0.0.1 - - [15/Oct/2024:14:29:39 +0900] "GET / HTTP/1.1" 404 807
0:0:0:0:0:0:0:1 - - [15/Oct/2024:14:29:46 +0900] "GET /bizconnect/retList.do?page=1 HTTP/1.1" 500 3758
0:0:0:0:0:0:0:1 - - [15/Oct/2024:14:29:49 +0900] "GET /bizconnect/retList.do?page=1 HTTP/1.1" 500 6725
127.0.0.1 - - [15/Oct/2024:14:30:11 +0900] "GET / HTTP/1.1" 404 807
0:0:0:0:0:0:0:1 - - [15/Oct/2024:14:30:29 +0900] "GET /bizconnect/retList.do?page=1 HTTP/1.1" 200 5658
0:0:0:0:0:0:0:1 - - [15/Oct/2024:14:30:31 +0900] "GET /bizconnect/retList.do?page=1 HTTP/1.1" 200 5658
0:0:0:0:0:0:0:1 - - [15/Oct/2024:14:31:54 +0900] "GET /bizconnect/retireAddForm.do HTTP/1.1" 200 764
0:0:0:0:0:0:0:1 - - [15/Oct/2024:14:31:59 +0900] "GET /bizconnect/retireAddForm.do HTTP/1.1" 200 764
0:0:0:0:0:0:0:1 - - [15/Oct/2024:14:32:20 +0900] "GET /bizconnect/retAdd.do?gid=GID001&comCode=COM001&userEntryDate=2021-02-20&retDate=2022-02-25&retTotalDate=5&retType=Full-time&exitReason=ass HTTP/1.1" 302 -
0:0:0:0:0:0:0:1 - - [15/Oct/2024:14:32:20 +0900] "GET /bizconnect/retList.do HTTP/1.1" 200 5658
0:0:0:0:0:0:0:1 - - [15/Oct/2024:14:32:56 +0900] "GET /bizconnect/retAdd.do?gid=GID001&comCode=COM010&userEntryDate=2021-02-20&retDate=2022-02-25&retTotalDate=5&retType=Full-time&exitReason=ass HTTP/1.1" 302 -
0:0:0:0:0:0:0:1 - - [15/Oct/2024:14:32:56 +0900] "GET /bizconnect/retList.do HTTP/1.1" 200 5721
0:0:0:0:0:0:0:1 - - [15/Oct/2024:14:34:12 +0900] "GET /bizconnect/retList.do?gid=GID001&comCode=COM010&retNo=RET08&userEntryDate=2021&retDate=2021&retType= HTTP/1.1" 400 843
0:0:0:0:0:0:0:1 - - [15/Oct/2024:14:34:23 +0900] "GET /bizconnect/retList.do?gid=GID001&comCode=COM010&retNo=RET08&userEntryDate=2021&retDate=2021&retType=dasd HTTP/1.1" 400 843
0:0:0:0:0:0:0:1 - - [15/Oct/2024:14:34:52 +0900] "GET /bizconnect/retList.do?gid=GID001&comCode=COM010&retNo=RET08&userEntryDate=2021-11-22&retDate=2021-22-22&retType=dasd HTTP/1.1" 400 843
0:0:0:0:0:0:0:1 - - [15/Oct/2024:14:40:29 +0900] "GET /bizconnect/retList.do?gid=GID001&comCode=COM010&retNo=RET08&userEntryDate=2021-11-22&retDate=2021-22-22&retType=dasd HTTP/1.1" 400 843
127.0.0.1 - - [15/Oct/2024:14:42:40 +0900] "GET / HTTP/1.1" 404 807
0:0:0:0:0:0:0:1 - - [15/Oct/2024:14:42:43 +0900] "GET /bizconnect/retList.do?gid=GID001&comCode=COM010&retNo=RET08&userEntryDate=2021-11-22&retDate=2021-22-22&retType=dasd HTTP/1.1" 400 843
0:0:0:0:0:0:0:1 - - [15/Oct/2024:14:42:46 +0900] "GET /bizconnect/retList.do HTTP/1.1" 200 5721
0:0:0:0:0:0:0:1 - - [15/Oct/2024:14:43:14 +0900] "GET /bizconnect/retList.do?gid=GID001&comCode=COM010&retNo=1&userEntryDate=2021-11-22&retDate=2021-22-22&retType=Full-time HTTP/1.1" 400 843
127.0.0.1 - - [15/Oct/2024:14:43:52 +0900] "GET / HTTP/1.1" 404 807
0:0:0:0:0:0:0:1 - - [15/Oct/2024:14:43:59 +0900] "GET /bizconnect/retList.do HTTP/1.1" 200 5721
0:0:0:0:0:0:0:1 - - [15/Oct/2024:14:44:13 +0900] "GET /bizconnect/retList.do?gid=GID001&comCode=COM010&retNo=1&userEntryDate=2021-11-22&retDate=2021-22-22&retType=%EB%B9%84%EA%B3%A0 HTTP/1.1" 400 843
0:0:0:0:0:0:0:1 - - [15/Oct/2024:14:45:42 +0900] "GET /bizconnect/retList.do?gid=GID001&comCode=COM010&retNo=1&userEntryDate=2021-11-22&retDate=2021-22-22&retType=%EB%B9%84%EA%B3%A0 HTTP/1.1" 400 843
0:0:0:0:0:0:0:1 - - [15/Oct/2024:14:55:58 +0900] "GET /bizconnect/retList.do?gid=GID001&comCode=COM010&retNo=2&userEntryDate=21%2F02%2F20&retDate=22%2F02%2F25&retType=ass HTTP/1.1" 404 721
0:0:0:0:0:0:0:1 - - [15/Oct/2024:14:56:20 +0900] "GET /bizconnect/retList.do?gid=GID001&comCode=COM010&retNo=2&userEntryDate=21%2F02%2F20&retDate=22%2F02%2F25&retType=ass HTTP/1.1" 404 721
127.0.0.1 - - [15/Oct/2024:15:00:24 +0900] "GET / HTTP/1.1" 404 807
0:0:0:0:0:0:0:1 - - [15/Oct/2024:15:00:25 +0900] "GET /bizconnect/retList.do?gid=GID001&comCode=COM010&retNo=2&userEntryDate=21%2F02%2F20&retDate=22%2F02%2F25&retType=ass HTTP/1.1" 400 843
0:0:0:0:0:0:0:1 - - [15/Oct/2024:15:16:32 +0900] "GET /bizconnect/retList.do?gid=GID001&comCode=COM010&retNo=2&userEntryDate=21%2F02%2F20&retDate=22%2F02%2F25&retType=ass HTTP/1.1" 404 721
127.0.0.1 - - [15/Oct/2024:15:17:16 +0900] "GET / HTTP/1.1" 404 807
0:0:0:0:0:0:0:1 - - [15/Oct/2024:15:17:17 +0900] "GET /bizconnect/retList.do?gid=GID001&comCode=COM010&retNo=2&userEntryDate=21%2F02%2F20&retDate=22%2F02%2F25&retType=ass HTTP/1.1" 500 4442
0:0:0:0:0:0:0:1 - - [15/Oct/2024:15:18:19 +0900] "GET /bizconnect/retList.do?gid=GID001&comCode=COM010&retNo=2&userEntryDate=21%2F02%2F20&retDate=22%2F02%2F25&retType=ass HTTP/1.1" 404 721
127.0.0.1 - - [15/Oct/2024:15:20:38 +0900] "GET / HTTP/1.1" 404 807
0:0:0:0:0:0:0:1 - - [15/Oct/2024:15:20:43 +0900] "GET /bizconnect/retList.do?gid=GID001&comCode=COM010&retNo=2&userEntryDate=21%2F02%2F20&retDate=22%2F02%2F25&retType=ass HTTP/1.1" 400 843
0:0:0:0:0:0:0:1 - - [15/Oct/2024:15:21:18 +0900] "GET /bizconnect/retList.do?gid=GID001&comCode=COM010&retNo=2&userEntryDate=21%2F02%2F20&retDate=22%2F02%2F25&retType=ass HTTP/1.1" 404 721
0:0:0:0:0:0:0:1 - - [15/Oct/2024:15:21:19 +0900] "GET /bizconnect/retList.do?gid=GID001&comCode=COM010&retNo=2&userEntryDate=21%2F02%2F20&retDate=22%2F02%2F25&retType=ass HTTP/1.1" 404 721
0:0:0:0:0:0:0:1 - - [15/Oct/2024:15:21:19 +0900] "GET /bizconnect/retList.do?gid=GID001&comCode=COM010&retNo=2&userEntryDate=21%2F02%2F20&retDate=22%2F02%2F25&retType=ass HTTP/1.1" 404 721
0:0:0:0:0:0:0:1 - - [15/Oct/2024:15:21:20 +0900] "GET /bizconnect/retList.do?gid=GID001&comCode=COM010&retNo=2&userEntryDate=21%2F02%2F20&retDate=22%2F02%2F25&retType=ass HTTP/1.1" 404 721
127.0.0.1 - - [15/Oct/2024:15:21:24 +0900] "GET / HTTP/1.1" 404 807
0:0:0:0:0:0:0:1 - - [15/Oct/2024:15:21:27 +0900] "GET /bizconnect/retList.do HTTP/1.1" 200 7093
0:0:0:0:0:0:0:1 - - [15/Oct/2024:15:21:46 +0900] "POST /bizconnect/retire/updateStatus HTTP/1.1" 404 845
127.0.0.1 - - [15/Oct/2024:15:22:52 +0900] "GET / HTTP/1.1" 404 807
0:0:0:0:0:0:0:1 - - [15/Oct/2024:15:22:55 +0900] "POST /bizconnect/retire/updateStatus HTTP/1.1" 404 845
0:0:0:0:0:0:0:1 - - [15/Oct/2024:15:22:58 +0900] "POST /bizconnect/retire/updateStatus HTTP/1.1" 404 845
0:0:0:0:0:0:0:1 - - [15/Oct/2024:15:24:39 +0900] "POST /bizconnect/retire/updateStatus HTTP/1.1" 404 721
0:0:0:0:0:0:0:1 - - [15/Oct/2024:15:24:45 +0900] "GET /bizconnect/retireEditForm.do?retNo=9 HTTP/1.1" 404 721
0:0:0:0:0:0:0:1 - - [15/Oct/2024:15:24:48 +0900] "POST /bizconnect/retire/updateStatus HTTP/1.1" 404 721
0:0:0:0:0:0:0:1 - - [15/Oct/2024:15:25:27 +0900] "GET /bizconnect/retList.do?gid=&comCode=&retNo=&userEntryDate=&retDate=2024-10-09&retType= HTTP/1.1" 404 721
0:0:0:0:0:0:0:1 - - [15/Oct/2024:15:26:13 +0900] "GET /bizconnect/retList.do HTTP/1.1" 404 721
0:0:0:0:0:0:0:1 - - [15/Oct/2024:15:26:18 +0900] "GET /bizconnect/retList.do?page=1 HTTP/1.1" 404 721
127.0.0.1 - - [15/Oct/2024:15:26:23 +0900] "GET / HTTP/1.1" 404 807
0:0:0:0:0:0:0:1 - - [15/Oct/2024:15:26:25 +0900] "GET /bizconnect/retList.do?page=1 HTTP/1.1" 200 7080
0:0:0:0:0:0:0:1 - - [15/Oct/2024:15:27:34 +0900] "GET /bizconnect/moveAttendanceUpdateM.do HTTP/1.1" 200 11169
0:0:0:0:0:0:0:1 - - [15/Oct/2024:15:27:34 +0900] "GET /bizconnect/moveAttendanceUpdateM.do HTTP/1.1" 200 11169
0:0:0:0:0:0:0:1 - - [15/Oct/2024:15:27:34 +0900] "GET /bizconnect/resources/js/jquery-3.7.1.min.js HTTP/1.1" 304 -
0:0:0:0:0:0:0:1 - - [15/Oct/2024:15:27:34 +0900] "GET /bizconnect/moveAttendanceUpdateM.do HTTP/1.1" 200 11169
0:0:0:0:0:0:0:1 - - [15/Oct/2024:15:27:34 +0900] "GET /bizconnect/moveAttendanceUpdateM.do HTTP/1.1" 200 11169
0:0:0:0:0:0:0:1 - - [15/Oct/2024:15:27:37 +0900] "GET /bizconnect/retList.do?page=1 HTTP/1.1" 200 7080
0:0:0:0:0:0:0:1 - - [15/Oct/2024:15:28:24 +0900] "GET /bizconnect/convertRetireToMember.do%20method=?gid=GID001&comCode=COM010&status=N HTTP/1.1" 404 856
127.0.0.1 - - [15/Oct/2024:15:29:57 +0900] "GET / HTTP/1.1" 404 807
0:0:0:0:0:0:0:1 - - [15/Oct/2024:15:29:57 +0900] "GET /bizconnect/convertRetireToMember.do%20method=?gid=GID001&comCode=COM010&status=N HTTP/1.1" 404 856
0:0:0:0:0:0:0:1 - - [15/Oct/2024:15:30:00 +0900] "GET /bizconnect/convertRetireToMember.do%20method=?gid=GID001&comCode=COM010&status=N HTTP/1.1" 404 856
0:0:0:0:0:0:0:1 - - [15/Oct/2024:15:30:00 +0900] "GET /bizconnect/convertRetireToMember.do%20method=?gid=GID001&comCode=COM010&status=N HTTP/1.1" 404 856
0:0:0:0:0:0:0:1 - - [15/Oct/2024:15:30:01 +0900] "GET /bizconnect/convertRetireToMember.do%20method=?gid=GID001&comCode=COM010&status=N HTTP/1.1" 404 856
0:0:0:0:0:0:0:1 - - [15/Oct/2024:15:30:01 +0900] "GET /bizconnect/convertRetireToMember.do%20method=?gid=GID001&comCode=COM010&status=N HTTP/1.1" 404 856
0:0:0:0:0:0:0:1 - - [15/Oct/2024:15:30:01 +0900] "GET /bizconnect/convertRetireToMember.do%20method=?gid=GID001&comCode=COM010&status=N HTTP/1.1" 404 856
0:0:0:0:0:0:0:1 - - [15/Oct/2024:15:30:01 +0900] "GET /bizconnect/convertRetireToMember.do%20method=?gid=GID001&comCode=COM010&status=N HTTP/1.1" 404 856
0:0:0:0:0:0:0:1 - - [15/Oct/2024:15:30:01 +0900] "GET /bizconnect/convertRetireToMember.do%20method=?gid=GID001&comCode=COM010&status=N HTTP/1.1" 404 856
0:0:0:0:0:0:0:1 - - [15/Oct/2024:15:30:02 +0900] "GET /bizconnect/convertRetireToMember.do%20method=?gid=GID001&comCode=COM010&status=N HTTP/1.1" 404 856
0:0:0:0:0:0:0:1 - - [15/Oct/2024:15:30:02 +0900] "GET /bizconnect/convertRetireToMember.do%20method=?gid=GID001&comCode=COM010&status=N HTTP/1.1" 404 856
0:0:0:0:0:0:0:1 - - [15/Oct/2024:15:30:02 +0900] "GET /bizconnect/convertRetireToMember.do%20method=?gid=GID001&comCode=COM010&status=N HTTP/1.1" 404 856
0:0:0:0:0:0:0:1 - - [15/Oct/2024:15:30:02 +0900] "GET /bizconnect/convertRetireToMember.do%20method=?gid=GID001&comCode=COM010&status=N HTTP/1.1" 404 856
0:0:0:0:0:0:0:1 - - [15/Oct/2024:15:30:02 +0900] "GET /bizconnect/convertRetireToMember.do%20method=?gid=GID001&comCode=COM010&status=N HTTP/1.1" 404 856
0:0:0:0:0:0:0:1 - - [15/Oct/2024:15:30:02 +0900] "GET /bizconnect/convertRetireToMember.do%20method=?gid=GID001&comCode=COM010&status=N HTTP/1.1" 404 856
0:0:0:0:0:0:0:1 - - [15/Oct/2024:15:30:03 +0900] "GET /bizconnect/convertRetireToMember.do%20method=?gid=GID001&comCode=COM010&status=N HTTP/1.1" 404 856
0:0:0:0:0:0:0:1 - - [15/Oct/2024:15:30:03 +0900] "GET /bizconnect/convertRetireToMember.do%20method=?gid=GID001&comCode=COM010&status=N HTTP/1.1" 404 856
0:0:0:0:0:0:0:1 - - [15/Oct/2024:15:30:03 +0900] "GET /bizconnect/convertRetireToMember.do%20method=?gid=GID001&comCode=COM010&status=N HTTP/1.1" 404 856
0:0:0:0:0:0:0:1 - - [15/Oct/2024:15:30:03 +0900] "GET /bizconnect/convertRetireToMember.do%20method=?gid=GID001&comCode=COM010&status=N HTTP/1.1" 404 856
0:0:0:0:0:0:0:1 - - [15/Oct/2024:15:30:03 +0900] "GET /bizconnect/convertRetireToMember.do%20method=?gid=GID001&comCode=COM010&status=N HTTP/1.1" 404 856
0:0:0:0:0:0:0:1 - - [15/Oct/2024:15:30:03 +0900] "GET /bizconnect/convertRetireToMember.do%20method=?gid=GID001&comCode=COM010&status=N HTTP/1.1" 404 856
0:0:0:0:0:0:0:1 - - [15/Oct/2024:15:30:04 +0900] "GET /bizconnect/convertRetireToMember.do%20method=?gid=GID001&comCode=COM010&status=N HTTP/1.1" 404 856
0:0:0:0:0:0:0:1 - - [15/Oct/2024:15:30:04 +0900] "GET /bizconnect/convertRetireToMember.do%20method=?gid=GID001&comCode=COM010&status=N HTTP/1.1" 404 856
0:0:0:0:0:0:0:1 - - [15/Oct/2024:15:30:04 +0900] "GET /bizconnect/convertRetireToMember.do%20method=?gid=GID001&comCode=COM010&status=N HTTP/1.1" 404 856
0:0:0:0:0:0:0:1 - - [15/Oct/2024:15:30:04 +0900] "GET /bizconnect/convertRetireToMember.do%20method=?gid=GID001&comCode=COM010&status=N HTTP/1.1" 404 856
0:0:0:0:0:0:0:1 - - [15/Oct/2024:15:30:04 +0900] "GET /bizconnect/convertRetireToMember.do%20method=?gid=GID001&comCode=COM010&status=N HTTP/1.1" 404 856
0:0:0:0:0:0:0:1 - - [15/Oct/2024:15:30:04 +0900] "GET /bizconnect/convertRetireToMember.do%20method=?gid=GID001&comCode=COM010&status=N HTTP/1.1" 404 856
0:0:0:0:0:0:0:1 - - [15/Oct/2024:15:30:04 +0900] "GET /bizconnect/convertRetireToMember.do%20method=?gid=GID001&comCode=COM010&status=N HTTP/1.1" 404 856
0:0:0:0:0:0:0:1 - - [15/Oct/2024:15:30:05 +0900] "GET /bizconnect/convertRetireToMember.do%20method=?gid=GID001&comCode=COM010&status=N HTTP/1.1" 404 856
0:0:0:0:0:0:0:1 - - [15/Oct/2024:15:30:05 +0900] "GET /bizconnect/convertRetireToMember.do%20method=?gid=GID001&comCode=COM010&status=N HTTP/1.1" 404 856
0:0:0:0:0:0:0:1 - - [15/Oct/2024:15:30:05 +0900] "GET /bizconnect/convertRetireToMember.do%20method=?gid=GID001&comCode=COM010&status=N HTTP/1.1" 404 856
0:0:0:0:0:0:0:1 - - [15/Oct/2024:15:30:05 +0900] "GET /bizconnect/convertRetireToMember.do%20method=?gid=GID001&comCode=COM010&status=N HTTP/1.1" 404 856
0:0:0:0:0:0:0:1 - - [15/Oct/2024:15:30:05 +0900] "GET /bizconnect/convertRetireToMember.do%20method=?gid=GID001&comCode=COM010&status=N HTTP/1.1" 404 856
0:0:0:0:0:0:0:1 - - [15/Oct/2024:15:30:06 +0900] "GET /bizconnect/convertRetireToMember.do%20method=?gid=GID001&comCode=COM010&status=N HTTP/1.1" 404 856
127.0.0.1 - - [15/Oct/2024:15:32:58 +0900] "GET / HTTP/1.1" 404 807
0:0:0:0:0:0:0:1 - - [15/Oct/2024:15:32:58 +0900] "GET /bizconnect/convertRetireToMember.do%20method=?gid=GID001&comCode=COM010&status=N HTTP/1.1" 404 856
127.0.0.1 - - [15/Oct/2024:15:35:21 +0900] "GET / HTTP/1.1" 404 807
0:0:0:0:0:0:0:1 - - [15/Oct/2024:15:35:24 +0900] "GET /bizconnect/convertRetireToMember.do%20method=?gid=GID001&comCode=COM010&status=N HTTP/1.1" 404 856
0:0:0:0:0:0:0:1 - - [15/Oct/2024:15:35:27 +0900] "GET /bizconnect/convertRetireToMember.do%20method=?gid=GID001&comCode=COM010&status=N HTTP/1.1" 404 856
0:0:0:0:0:0:0:1 - - [15/Oct/2024:15:35:28 +0900] "GET /bizconnect/convertRetireToMember.do%20method=?gid=GID001&comCode=COM010&status=N HTTP/1.1" 404 856
0:0:0:0:0:0:0:1 - - [15/Oct/2024:15:36:30 +0900] "GET /bizconnect/convertRetireToMember.do%20method=?gid=GID001&comCode=COM010&status=N HTTP/1.1" 404 856
0:0:0:0:0:0:0:1 - - [15/Oct/2024:15:36:34 +0900] "GET /bizconnect/retList.do?page=1 HTTP/1.1" 200 6941
0:0:0:0:0:0:0:1 - - [15/Oct/2024:15:36:35 +0900] "GET /bizconnect/retireEditForm.do?retNo=9 HTTP/1.1" 200 919
0:0:0:0:0:0:0:1 - - [15/Oct/2024:15:36:41 +0900] "GET /bizconnect/retireEditForm.do?retNo=9 HTTP/1.1" 200 919
0:0:0:0:0:0:0:1 - - [15/Oct/2024:15:36:48 +0900] "GET /bizconnect/retireEditForm.do?retNo=9 HTTP/1.1" 200 919
0:0:0:0:0:0:0:1 - - [15/Oct/2024:15:36:53 +0900] "GET /bizconnect/retEdit.do?retNo=9&gid=GID001&comCode=COM010&userEntryDate=2021-02-20&retDate=2022-02-25&retTotalDate=5&retType=Full-time&exitReason=%E3%85%87%E3%85%87%E3%85%81%E3%85%87 HTTP/1.1" 500 21765
0:0:0:0:0:0:0:1 - - [15/Oct/2024:15:38:42 +0900] "GET /bizconnect/retEdit.do?retNo=9&gid=GID001&comCode=COM010&userEntryDate=2021-02-20&retDate=2022-02-25&retTotalDate=5&retType=Full-time&exitReason=%E3%85%87%E3%85%87%E3%85%81%E3%85%87 HTTP/1.1" 404 721
0:0:0:0:0:0:0:1 - - [15/Oct/2024:15:38:45 +0900] "GET /bizconnect/retEdit.do?retNo=9&gid=GID001&comCode=COM010&userEntryDate=2021-02-20&retDate=2022-02-25&retTotalDate=5&retType=Full-time&exitReason=%E3%85%87%E3%85%87%E3%85%81%E3%85%87 HTTP/1.1" 404 721
0:0:0:0:0:0:0:1 - - [15/Oct/2024:15:39:49 +0900] "GET /bizconnect/retEdit.do?retNo=9&gid=GID001&comCode=COM010&userEntryDate=2021-02-20&retDate=2022-02-25&retTotalDate=5&retType=Full-time&exitReason=%E3%85%87%E3%85%87%E3%85%81%E3%85%87 HTTP/1.1" 404 721
127.0.0.1 - - [15/Oct/2024:15:39:53 +0900] "GET / HTTP/1.1" 404 807
0:0:0:0:0:0:0:1 - - [15/Oct/2024:15:39:55 +0900] "GET /bizconnect/retireEditForm.do?retNo=9 HTTP/1.1" 200 919
0:0:0:0:0:0:0:1 - - [15/Oct/2024:15:39:57 +0900] "GET /bizconnect/retEdit.do?retNo=9&gid=GID001&comCode=COM010&userEntryDate=2021-02-20&retDate=2022-02-25&retTotalDate=5&retType=Full-time&exitReason=ass HTTP/1.1" 500 24799
0:0:0:0:0:0:0:1 - - [15/Oct/2024:15:40:31 +0900] "GET /bizconnect/retEdit.do?retNo=9&gid=GID001&comCode=COM010&userEntryDate=2021-02-20&retDate=2022-02-25&retTotalDate=5&retType=Full-time&exitReason=akdks HTTP/1.1" 500 24799
0:0:0:0:0:0:0:1 - - [15/Oct/2024:15:51:14 +0900] "GET /bizconnect/retireEditForm.do?retNo=9 HTTP/1.1" 200 919
0:0:0:0:0:0:0:1 - - [15/Oct/2024:15:51:19 +0900] "GET /bizconnect/retEdit.do?retNo=9&gid=GID001&comCode=COM010&userEntryDate=2021-02-20&retDate=2022-02-25&retTotalDate=5&retType=Full-time&exitReason=agsdadh HTTP/1.1" 500 24799
127.0.0.1 - - [15/Oct/2024:15:52:04 +0900] "GET / HTTP/1.1" 404 807
0:0:0:0:0:0:0:1 - - [15/Oct/2024:15:52:07 +0900] "GET /bizconnect/retEdit.do?retNo=9&gid=GID001&comCode=COM010&userEntryDate=2021-02-20&retDate=2022-02-25&retTotalDate=5&retType=Full-time&exitReason=agsdadh HTTP/1.1" 500 24799
127.0.0.1 - - [15/Oct/2024:16:00:01 +0900] "GET / HTTP/1.1" 404 807
0:0:0:0:0:0:0:1 - - [15/Oct/2024:16:00:10 +0900] "GET /bizconnect/retEdit.do?retNo=9&gid=GID001&comCode=COM010&userEntryDate=2021-02-20&retDate=2022-02-25&retTotalDate=5&retType=Full-time&exitReason=agsdadhads HTTP/1.1" 500 22185
0:0:0:0:0:0:0:1 - - [15/Oct/2024:16:01:58 +0900] "GET /bizconnect/retEdit.do?retNo=9&gid=GID001&comCode=COM010&userEntryDate=2021-02-20&retDate=2022-02-25&retTotalDate=5&retType=Full-time&exitReason=agsdadhads HTTP/1.1" 500 22185
127.0.0.1 - - [15/Oct/2024:16:02:07 +0900] "GET / HTTP/1.1" 404 807
0:0:0:0:0:0:0:1 - - [15/Oct/2024:16:02:20 +0900] "GET /bizconnect/retEdit.do?retNo=9&gid=GID001&comCode=COM010&userEntryDate=2021-02-20&retDate=2022-02-25&retTotalDate=5&retType=Full-time&exitReason=agsdadhadsafd HTTP/1.1" 500 22185
0:0:0:0:0:0:0:1 - - [15/Oct/2024:16:02:49 +0900] "GET /bizconnect/retireEditForm.do?retNo=9 HTTP/1.1" 404 721
0:0:0:0:0:0:0:1 - - [15/Oct/2024:16:02:50 +0900] "GET /bizconnect/retireEditForm.do?retNo=9 HTTP/1.1" 404 721
0:0:0:0:0:0:0:1 - - [15/Oct/2024:16:02:52 +0900] "GET /bizconnect/retList.do?page=1 HTTP/1.1" 404 721
0:0:0:0:0:0:0:1 - - [15/Oct/2024:16:02:57 +0900] "GET /bizconnect/retList.do?page=1 HTTP/1.1" 404 721
127.0.0.1 - - [15/Oct/2024:16:03:04 +0900] "GET / HTTP/1.1" 404 807
0:0:0:0:0:0:0:1 - - [15/Oct/2024:16:03:06 +0900] "GET /bizconnect/retList.do?page=1 HTTP/1.1" 200 5945
0:0:0:0:0:0:0:1 - - [15/Oct/2024:16:20:00 +0900] "GET /bizconnect/retList.do?page=1 HTTP/1.1" 200 5945
0:0:0:0:0:0:0:1 - - [15/Oct/2024:16:20:09 +0900] "GET /bizconnect/retList.do?page=1 HTTP/1.1" 200 5945
0:0:0:0:0:0:0:1 - - [15/Oct/2024:16:20:11 +0900] "GET /bizconnect/retList.do?page=1 HTTP/1.1" 200 5945
0:0:0:0:0:0:0:1 - - [15/Oct/2024:16:20:12 +0900] "GET /bizconnect/retList.do?page=1 HTTP/1.1" 200 5945
0:0:0:0:0:0:0:1 - - [15/Oct/2024:16:23:47 +0900] "GET /bizconnect/retList.do?page=1 HTTP/1.1" 200 5945
0:0:0:0:0:0:0:1 - - [15/Oct/2024:16:23:49 +0900] "GET /bizconnect/retList.do?page=1 HTTP/1.1" 200 5945
127.0.0.1 - - [15/Oct/2024:16:23:55 +0900] "GET / HTTP/1.1" 404 807
0:0:0:0:0:0:0:1 - - [15/Oct/2024:16:23:56 +0900] "GET /bizconnect/retList.do?page=1 HTTP/1.1" 200 5945
0:0:0:0:0:0:0:1 - - [15/Oct/2024:16:23:58 +0900] "GET /bizconnect/retList.do?page=1 HTTP/1.1" 200 5945
0:0:0:0:0:0:0:1 - - [15/Oct/2024:16:24:15 +0900] "GET /bizconnect/retList.do?gid=GID001&comCode=COM010&retNo=1&userEntryDate=&retDate=&retType= HTTP/1.1" 400 843
0:0:0:0:0:0:0:1 - - [15/Oct/2024:16:24:27 +0900] "GET /bizconnect/retList.do?gid=GID001&comCode=COM010&retNo=1&userEntryDate=2024-10-15&retDate=2024-10-17&retType= HTTP/1.1" 200 5978
0:0:0:0:0:0:0:1 - - [15/Oct/2024:16:25:45 +0900] "GET /bizconnect/retList.do?gid=GID001&comCode=COM004&retNo=1&userEntryDate=2023-01-10&retDate=2024-01-10&retType=Full-time HTTP/1.1" 200 5987
0:0:0:0:0:0:0:1 - - [15/Oct/2024:16:25:56 +0900] "GET /bizconnect/retList.do?gid=GID001&comCode=COM004&retNo=1&userEntryDate=2023-01-10&retDate=2024-01-10&retType=Resignation HTTP/1.1" 200 5989
0:0:0:0:0:0:0:1 - - [15/Oct/2024:16:26:11 +0900] "GET /bizconnect/retList.do?gid=GID001&comCode=COM004&retNo=1&userEntryDate=2023-01-10&retDate=2024-01-10&retType=Resignation HTTP/1.1" 200 5989
0:0:0:0:0:0:0:1 - - [15/Oct/2024:16:26:12 +0900] "GET /bizconnect/retList.do?gid=GID001&comCode=COM004&retNo=1&userEntryDate=2023-01-10&retDate=2024-01-10&retType=Resignation HTTP/1.1" 200 5989
0:0:0:0:0:0:0:1 - - [15/Oct/2024:16:26:13 +0900] "GET /bizconnect/retList.do?gid=GID001&comCode=COM004&retNo=1&userEntryDate=2023-01-10&retDate=2024-01-10&retType=Resignation HTTP/1.1" 200 5989
0:0:0:0:0:0:0:1 - - [15/Oct/2024:16:26:14 +0900] "GET /bizconnect/retList.do?gid=GID001&comCode=COM004&retNo=1&userEntryDate=2023-01-10&retDate=2024-01-10&retType=Resignation HTTP/1.1" 200 5989
0:0:0:0:0:0:0:1 - - [15/Oct/2024:16:26:14 +0900] "GET /bizconnect/retList.do?gid=GID001&comCode=COM004&retNo=1&userEntryDate=2023-01-10&retDate=2024-01-10&retType=Resignation HTTP/1.1" 200 5989
0:0:0:0:0:0:0:1 - - [15/Oct/2024:16:26:14 +0900] "GET /bizconnect/retList.do?gid=GID001&comCode=COM004&retNo=1&userEntryDate=2023-01-10&retDate=2024-01-10&retType=Resignation HTTP/1.1" 200 5989
0:0:0:0:0:0:0:1 - - [15/Oct/2024:16:26:15 +0900] "GET /bizconnect/retList.do?gid=GID001&comCode=COM004&retNo=1&userEntryDate=2023-01-10&retDate=2024-01-10&retType=Resignation HTTP/1.1" 200 5989
0:0:0:0:0:0:0:1 - - [15/Oct/2024:16:27:08 +0900] "GET /bizconnect/retList.do?gid=GID001&comCode=COM004&retNo=1&userEntryDate=2023-01-10&retDate=2024-01-10&retType=Resignation HTTP/1.1" 200 5989
127.0.0.1 - - [15/Oct/2024:16:27:25 +0900] "GET / HTTP/1.1" 404 807
0:0:0:0:0:0:0:1 - - [15/Oct/2024:16:27:31 +0900] "GET /bizconnect/retList.do?gid=GID001&comCode=COM004&retNo=1&userEntryDate=2023-01-10&retDate=2024-01-10&retType=Resignation HTTP/1.1" 200 5989
0:0:0:0:0:0:0:1 - - [15/Oct/2024:16:27:33 +0900] "GET /bizconnect/retList.do?gid=GID001&comCode=COM004&retNo=1&userEntryDate=2023-01-10&retDate=2024-01-10&retType=Resignation HTTP/1.1" 200 5989
0:0:0:0:0:0:0:1 - - [15/Oct/2024:16:33:38 +0900] "GET /bizconnect/retList.do?gid=GID001&comCode=COM004&retNo=1&userEntryDate=2023-01-10&retDate=2024-01-10&retType=Resignation HTTP/1.1" 200 5989
0:0:0:0:0:0:0:1 - - [15/Oct/2024:16:33:39 +0900] "GET /bizconnect/retList.do?gid=GID001&comCode=COM004&retNo=1&userEntryDate=2023-01-10&retDate=2024-01-10&retType=Resignation HTTP/1.1" 200 5989
0:0:0:0:0:0:0:1 - - [15/Oct/2024:16:33:40 +0900] "GET /bizconnect/retList.do?gid=GID001&comCode=COM004&retNo=1&userEntryDate=2023-01-10&retDate=2024-01-10&retType=Resignation HTTP/1.1" 200 5989
0:0:0:0:0:0:0:1 - - [15/Oct/2024:16:33:47 +0900] "GET /bizconnect/retList.do?gid=GID001&comCode=COM004&retNo=1&userEntryDate=2023-01-10&retDate=2024-01-10&retType=Resignation HTTP/1.1" 200 5989
0:0:0:0:0:0:0:1 - - [15/Oct/2024:16:33:49 +0900] "GET /bizconnect/retList.do?gid=GID001&comCode=COM004&retNo=1&userEntryDate=2023-01-10&retDate=2024-01-10&retType=Resignation HTTP/1.1" 200 5989
0:0:0:0:0:0:0:1 - - [15/Oct/2024:16:34:04 +0900] "GET /bizconnect/retList.do?gid=GID010&comCode=COM004&retNo=1&userEntryDate=2023-01-10&retDate=2024-01-10&retType=Resignation HTTP/1.1" 200 5989
0:0:0:0:0:0:0:1 - - [15/Oct/2024:16:34:32 +0900] "GET /bizconnect/retList.do?gid=GID010&comCode=COM004&retNo=1&userEntryDate=2023-01-10&retDate=2024-01-10&retType=Resignation HTTP/1.1" 200 5989
0:0:0:0:0:0:0:1 - - [15/Oct/2024:16:34:36 +0900] "GET /bizconnect/retList.do?gid=GID004&comCode=COM004&retNo=1&userEntryDate=2023-01-10&retDate=2024-01-10&retType=Resignation HTTP/1.1" 200 5989
0:0:0:0:0:0:0:1 - - [15/Oct/2024:17:01:09 +0900] "GET /bizconnect/retList.do?gid=GID004&comCode=COM004&retNo=1&userEntryDate=2023-01-10&retDate=2024-01-10&retType=Resignation HTTP/1.1" 404 721
127.0.0.1 - - [15/Oct/2024:17:01:17 +0900] "GET / HTTP/1.1" 404 807
0:0:0:0:0:0:0:1 - - [15/Oct/2024:17:01:19 +0900] "GET /bizconnect/retList.do?gid=GID010&comCode=COM004&retNo=1&userEntryDate=2023-01-10&retDate=2024-01-10&retType=Resignation HTTP/1.1" 200 5989
127.0.0.1 - - [15/Oct/2024:17:08:32 +0900] "GET / HTTP/1.1" 404 807
0:0:0:0:0:0:0:1 - - [15/Oct/2024:17:08:38 +0900] "GET /bizconnect/retList.do?gid=GID010&comCode=COM004&retNo=1&userEntryDate=2023-01-10&retDate=2024-01-10&retType=Resignation HTTP/1.1" 200 5989
127.0.0.1 - - [15/Oct/2024:17:09:06 +0900] "GET / HTTP/1.1" 404 807
0:0:0:0:0:0:0:1 - - [15/Oct/2024:17:09:09 +0900] "GET /bizconnect/retList.do?gid=GID010&comCode=COM004&retNo=1&userEntryDate=2023-01-10&retDate=2024-01-10&retType=Resignation HTTP/1.1" 200 5989
0:0:0:0:0:0:0:1 - - [15/Oct/2024:17:09:13 +0900] "GET /bizconnect/retList.do?gid=GID010&comCode=COM004&retNo=1&userEntryDate=2023-01-10&retDate=2024-01-10&retType=Resignation HTTP/1.1" 200 5989
0:0:0:0:0:0:0:1 - - [15/Oct/2024:17:09:17 +0900] "GET /bizconnect/retList.do?gid=GID010&comCode=COM004&retNo=1&userEntryDate=2023-01-10&retDate=2024-01-10&retType=Resignation HTTP/1.1" 200 5989
0:0:0:0:0:0:0:1 - - [15/Oct/2024:17:09:21 +0900] "GET /bizconnect/retList.do?page=1 HTTP/1.1" 200 5945
0:0:0:0:0:0:0:1 - - [15/Oct/2024:17:15:58 +0900] "GET /bizconnect/retList.do?page=1 HTTP/1.1" 200 5945
0:0:0:0:0:0:0:1 - - [15/Oct/2024:17:16:16 +0900] "GET /bizconnect/retList.do?page=1 HTTP/1.1" 200 5945
127.0.0.1 - - [15/Oct/2024:17:17:59 +0900] "GET / HTTP/1.1" 404 807
0:0:0:0:0:0:0:1 - - [15/Oct/2024:17:18:01 +0900] "GET /bizconnect/retList.do?page=1 HTTP/1.1" 200 5945
0:0:0:0:0:0:0:1 - - [15/Oct/2024:17:18:09 +0900] "GET /bizconnect/retList.do?page=1 HTTP/1.1" 200 5945
0:0:0:0:0:0:0:1 - - [15/Oct/2024:17:18:41 +0900] "GET /bizconnect/retList.do?page=1 HTTP/1.1" 200 5945
127.0.0.1 - - [15/Oct/2024:17:19:24 +0900] "GET / HTTP/1.1" 404 807
0:0:0:0:0:0:0:1 - - [15/Oct/2024:17:19:28 +0900] "GET /bizconnect/retList.do?page=1 HTTP/1.1" 200 9091
0:0:0:0:0:0:0:1 - - [15/Oct/2024:17:19:30 +0900] "POST /bizconnect/convertRetireToMember.do HTTP/1.1" 500 17225
0:0:0:0:0:0:0:1 - - [15/Oct/2024:17:19:34 +0900] "GET /bizconnect/retireEditForm.do?retNo=7 HTTP/1.1" 200 949
0:0:0:0:0:0:0:1 - - [15/Oct/2024:17:19:39 +0900] "GET /bizconnect/retEdit.do?retNo=7&gid=GID008&comCode=COM004&userEntryDate=2023-08-15&retDate=2024-08-15&retTotalDate=366&retType=Termination&exitReason=%EB%84%90 HTTP/1.1" 302 -
0:0:0:0:0:0:0:1 - - [15/Oct/2024:17:19:39 +0900] "GET /bizconnect/retList.do HTTP/1.1" 200 9006
0:0:0:0:0:0:0:1 - - [15/Oct/2024:17:19:51 +0900] "GET /bizconnect/retList.do?page=2 HTTP/1.1" 200 9001
0:0:0:0:0:0:0:1 - - [15/Oct/2024:17:19:55 +0900] "GET /bizconnect/retList.do?page=2 HTTP/1.1" 200 9001
0:0:0:0:0:0:0:1 - - [15/Oct/2024:17:19:56 +0900] "GET /bizconnect/retList.do?page=2 HTTP/1.1" 200 9001
0:0:0:0:0:0:0:1 - - [15/Oct/2024:17:19:58 +0900] "GET /bizconnect/retList.do?page=1 HTTP/1.1" 200 9006
0:0:0:0:0:0:0:1 - - [15/Oct/2024:17:20:01 +0900] "GET /bizconnect/retList.do?page=1 HTTP/1.1" 200 9006
0:0:0:0:0:0:0:1 - - [15/Oct/2024:17:20:09 +0900] "GET /bizconnect/retList.do?page=2 HTTP/1.1" 200 9001
0:0:0:0:0:0:0:1 - - [15/Oct/2024:17:20:13 +0900] "GET /bizconnect/retList.do?page=1 HTTP/1.1" 200 9006
0:0:0:0:0:0:0:1 - - [15/Oct/2024:17:20:17 +0900] "GET /bizconnect/retList.do?page=1 HTTP/1.1" 200 9006
0:0:0:0:0:0:0:1 - - [15/Oct/2024:17:21:08 +0900] "GET /bizconnect/retireEditForm.do?retNo=6 HTTP/1.1" 200 948
127.0.0.1 - - [15/Oct/2024:17:22:12 +0900] "GET / HTTP/1.1" 404 807
0:0:0:0:0:0:0:1 - - [15/Oct/2024:17:22:19 +0900] "GET /bizconnect/retireEditForm.do?retNo=6 HTTP/1.1" 200 948
0:0:0:0:0:0:0:1 - - [15/Oct/2024:17:22:40 +0900] "GET /bizconnect/retEdit.do?retNo=6&gid=GID006&comCode=COM004&userEntryDate=2023-06-20&retDate=2024-06-20&retTotalDate=366&retType=Resignation&exitReason=Better+opportunity+elsewhere HTTP/1.1" 302 -
0:0:0:0:0:0:0:1 - - [15/Oct/2024:17:22:40 +0900] "GET /bizconnect/retList.do HTTP/1.1" 200 8999
127.0.0.1 - - [15/Oct/2024:17:25:54 +0900] "GET / HTTP/1.1" 404 807
0:0:0:0:0:0:0:1 - - [15/Oct/2024:17:25:55 +0900] "GET /bizconnect/retList.do HTTP/1.1" 200 8999
0:0:0:0:0:0:0:1 - - [15/Oct/2024:17:26:02 +0900] "GET /bizconnect/retireEditForm.do?retNo=5 HTTP/1.1" 200 940
0:0:0:0:0:0:0:1 - - [15/Oct/2024:17:26:09 +0900] "GET /bizconnect/retEdit.do?retNo=5&gid=GID005&comCode=COM004&userEntryDate=2023-05-15&retDate=2024-05-15&retTotalDate=366&retType=Termination&exitReason=%E3%85%81%E3%85%87%E3%84%B4 HTTP/1.1" 302 -
0:0:0:0:0:0:0:1 - - [15/Oct/2024:17:26:09 +0900] "GET /bizconnect/retList.do HTTP/1.1" 200 8999
127.0.0.1 - - [15/Oct/2024:17:28:27 +0900] "GET / HTTP/1.1" 404 807
0:0:0:0:0:0:0:1 - - [15/Oct/2024:17:28:29 +0900] "GET /bizconnect/retireEditForm.do?retNo=4 HTTP/1.1" 200 934
0:0:0:0:0:0:0:1 - - [15/Oct/2024:17:28:33 +0900] "GET /bizconnect/retEdit.do?retNo=4&gid=GID004&comCode=COM004&userEntryDate=2023-04-25&retDate=2024-04-25&retTotalDate=366&retType=Resignation&exitReason=%E3%85%81%E3%84%B4%E3%85%87 HTTP/1.1" 302 -
0:0:0:0:0:0:0:1 - - [15/Oct/2024:17:28:34 +0900] "GET /bizconnect/retList.do HTTP/1.1" 200 8887
127.0.0.1 - - [15/Oct/2024:17:30:56 +0900] "GET / HTTP/1.1" 404 807
0:0:0:0:0:0:0:1 - - [15/Oct/2024:17:30:59 +0900] "GET /bizconnect/retList.do HTTP/1.1" 200 8887
127.0.0.1 - - [15/Oct/2024:17:32:20 +0900] "GET / HTTP/1.1" 404 807
0:0:0:0:0:0:0:1 - - [15/Oct/2024:17:32:22 +0900] "GET /bizconnect/retireEditForm.do?retNo=3 HTTP/1.1" 200 941
0:0:0:0:0:0:0:1 - - [15/Oct/2024:17:32:44 +0900] "GET /bizconnect/retireEditForm.do?retNo=3 HTTP/1.1" 200 941
127.0.0.1 - - [15/Oct/2024:17:33:01 +0900] "GET / HTTP/1.1" 404 807
0:0:0:0:0:0:0:1 - - [15/Oct/2024:17:33:04 +0900] "GET /bizconnect/retireEditForm.do?retNo=3 HTTP/1.1" 200 941
0:0:0:0:0:0:0:1 - - [15/Oct/2024:17:33:11 +0900] "GET /bizconnect/retEdit.do?retNo=3&gid=GID003&comCode=COM004&userEntryDate=2023-03-20&retDate=2024-03-20&retTotalDate=366&retType=Retirement&exitReason=%E3%85%81%E3%84%B4%E3%85%87%E3%85%81%E3%85%87 HTTP/1.1" 302 -
0:0:0:0:0:0:0:1 - - [15/Oct/2024:17:33:11 +0900] "GET /bizconnect/retList.do HTTP/1.1" 200 7912
0:0:0:0:0:0:0:1 - - [15/Oct/2024:17:33:35 +0900] "GET /bizconnect/retDelete.do?retNo=2 HTTP/1.1" 302 -
0:0:0:0:0:0:0:1 - - [15/Oct/2024:17:33:35 +0900] "GET /bizconnect/hr/retList HTTP/1.1" 404 836
0:0:0:0:0:0:0:1 - - [15/Oct/2024:17:33:53 +0900] "GET /bizconnect/retList.do HTTP/1.1" 200 7912
0:0:0:0:0:0:0:1 - - [15/Oct/2024:17:33:55 +0900] "GET /bizconnect/retDelete.do?retNo=2 HTTP/1.1" 404 721
127.0.0.1 - - [15/Oct/2024:17:34:36 +0900] "GET / HTTP/1.1" 404 807
0:0:0:0:0:0:0:1 - - [15/Oct/2024:17:34:43 +0900] "GET /bizconnect/retList.do HTTP/1.1" 200 7912
0:0:0:0:0:0:0:1 - - [15/Oct/2024:17:34:44 +0900] "GET /bizconnect/retDelete.do?retNo=1 HTTP/1.1" 302 -
0:0:0:0:0:0:0:1 - - [15/Oct/2024:17:34:44 +0900] "GET /bizconnect/retList HTTP/1.1" 404 829
0:0:0:0:0:0:0:1 - - [15/Oct/2024:17:35:31 +0900] "GET /bizconnect/retList HTTP/1.1" 404 829
0:0:0:0:0:0:0:1 - - [15/Oct/2024:17:35:32 +0900] "GET /bizconnect/retList HTTP/1.1" 404 829
0:0:0:0:0:0:0:1 - - [15/Oct/2024:17:35:37 +0900] "GET /bizconnect/retDelete.do?retNo=2 HTTP/1.1" 302 -
0:0:0:0:0:0:0:1 - - [15/Oct/2024:17:35:37 +0900] "GET /bizconnect/retList HTTP/1.1" 404 829
0:0:0:0:0:0:0:1 - - [15/Oct/2024:17:38:27 +0900] "GET /bizconnect/retList.do HTTP/1.1" 404 721
0:0:0:0:0:0:0:1 - - [15/Oct/2024:17:38:29 +0900] "GET /bizconnect/retList.do HTTP/1.1" 404 721
127.0.0.1 - - [15/Oct/2024:17:38:35 +0900] "GET / HTTP/1.1" 404 807
0:0:0:0:0:0:0:1 - - [15/Oct/2024:17:38:39 +0900] "GET /bizconnect/retList.do HTTP/1.1" 200 7906
0:0:0:0:0:0:0:1 - - [15/Oct/2024:17:38:42 +0900] "GET /bizconnect/retDelete?retNo=2 HTTP/1.1" 404 831
0:0:0:0:0:0:0:1 - - [15/Oct/2024:17:40:13 +0900] "GET /bizconnect/retList.do HTTP/1.1" 200 7912
0:0:0:0:0:0:0:1 - - [15/Oct/2024:17:40:15 +0900] "GET /bizconnect/retDelete.do?retNo=2 HTTP/1.1" 302 -
0:0:0:0:0:0:0:1 - - [15/Oct/2024:17:40:15 +0900] "GET /bizconnect/retList.do HTTP/1.1" 200 7912
0:0:0:0:0:0:0:1 - - [15/Oct/2024:17:40:27 +0900] "GET /bizconnect/retDelete.do?retNo=2 HTTP/1.1" 302 -
0:0:0:0:0:0:0:1 - - [15/Oct/2024:17:40:27 +0900] "GET /bizconnect/retList.do HTTP/1.1" 200 7912
0:0:0:0:0:0:0:1 - - [15/Oct/2024:17:40:38 +0900] "GET /bizconnect/retDelete.do?retNo=2 HTTP/1.1" 302 -
0:0:0:0:0:0:0:1 - - [15/Oct/2024:17:40:38 +0900] "GET /bizconnect/retList.do HTTP/1.1" 200 7912
0:0:0:0:0:0:0:1 - - [15/Oct/2024:17:41:11 +0900] "GET /bizconnect/retDelete.do?retNo=2 HTTP/1.1" 302 -
0:0:0:0:0:0:0:1 - - [15/Oct/2024:17:41:11 +0900] "GET /bizconnect/retList.do HTTP/1.1" 200 7912
0:0:0:0:0:0:0:1 - - [15/Oct/2024:17:41:47 +0900] "GET /bizconnect/retDelete.do?retNo=2 HTTP/1.1" 302 -
0:0:0:0:0:0:0:1 - - [15/Oct/2024:17:41:47 +0900] "GET /bizconnect/retList.do HTTP/1.1" 200 7912
127.0.0.1 - - [15/Oct/2024:17:42:47 +0900] "GET / HTTP/1.1" 404 807
0:0:0:0:0:0:0:1 - - [15/Oct/2024:17:42:50 +0900] "GET /bizconnect/retList.do HTTP/1.1" 200 7912
0:0:0:0:0:0:0:1 - - [15/Oct/2024:17:42:50 +0900] "GET /bizconnect/retList.do HTTP/1.1" 200 7912
0:0:0:0:0:0:0:1 - - [15/Oct/2024:17:42:52 +0900] "GET /bizconnect/retDelete.do?retNo=2 HTTP/1.1" 302 -
0:0:0:0:0:0:0:1 - - [15/Oct/2024:17:42:52 +0900] "GET /bizconnect/retList.do HTTP/1.1" 200 6958
0:0:0:0:0:0:0:1 - - [15/Oct/2024:17:43:08 +0900] "POST /bizconnect/convertRetireToMember.do HTTP/1.1" 500 17225
0:0:0:0:0:0:0:1 - - [15/Oct/2024:17:49:33 +0900] "GET /bizconnect/retList.do HTTP/1.1" 200 6958
0:0:0:0:0:0:0:1 - - [15/Oct/2024:17:49:33 +0900] "GET /bizconnect/retList.do HTTP/1.1" 200 6958
0:0:0:0:0:0:0:1 - - [15/Oct/2024:17:49:33 +0900] "GET /bizconnect/retList.do HTTP/1.1" 200 6958
0:0:0:0:0:0:0:1 - - [15/Oct/2024:17:49:34 +0900] "POST /bizconnect/convertRetireToMember.do HTTP/1.1" 500 17225
0:0:0:0:0:0:0:1 - - [15/Oct/2024:17:50:36 +0900] "GET /bizconnect/retList.do HTTP/1.1" 404 721
0:0:0:0:0:0:0:1 - - [15/Oct/2024:17:50:38 +0900] "GET /bizconnect/retList.do HTTP/1.1" 404 721
127.0.0.1 - - [15/Oct/2024:17:50:43 +0900] "GET / HTTP/1.1" 404 807
0:0:0:0:0:0:0:1 - - [15/Oct/2024:17:50:52 +0900] "GET /bizconnect/retList.do HTTP/1.1" 200 6958
0:0:0:0:0:0:0:1 - - [15/Oct/2024:17:50:54 +0900] "GET /bizconnect/retList.do?page=1 HTTP/1.1" 200 6958
0:0:0:0:0:0:0:1 - - [15/Oct/2024:17:50:56 +0900] "POST /bizconnect/convertRetireToMember.do HTTP/1.1" 302 -
0:0:0:0:0:0:0:1 - - [15/Oct/2024:17:50:56 +0900] "GET /bizconnect/hr/retlist HTTP/1.1" 404 836
0:0:0:0:0:0:0:1 - - [15/Oct/2024:17:51:15 +0900] "GET /bizconnect/retList.do?page=1 HTTP/1.1" 404 721
0:0:0:0:0:0:0:1 - - [15/Oct/2024:17:51:16 +0900] "GET /bizconnect/retList.do?page=1 HTTP/1.1" 404 721
0:0:0:0:0:0:0:1 - - [15/Oct/2024:17:51:18 +0900] "GET /bizconnect/retList.do HTTP/1.1" 404 721
127.0.0.1 - - [15/Oct/2024:17:51:23 +0900] "GET / HTTP/1.1" 404 807
0:0:0:0:0:0:0:1 - - [15/Oct/2024:17:51:25 +0900] "GET /bizconnect/retList.do HTTP/1.1" 200 5945
0:0:0:0:0:0:0:1 - - [15/Oct/2024:17:51:33 +0900] "GET /bizconnect/convertPage.do HTTP/1.1" 404 721
0:0:0:0:0:0:0:1 - - [15/Oct/2024:17:51:35 +0900] "GET /bizconnect/retList.do?page=1 HTTP/1.1" 200 5945
0:0:0:0:0:0:0:1 - - [15/Oct/2024:17:54:08 +0900] "GET /bizconnect/retireAddForm.do HTTP/1.1" 200 770
0:0:0:0:0:0:0:1 - - [15/Oct/2024:17:54:27 +0900] "GET /bizconnect/retAdd.do?gid=GID001&comCode=COM010&userEntryDate=2024-10-01&retDate=2024-10-31&retTotalDate=30&retType=Full-time&exitReason=%E3%85%8D%E3%85%8E%E3%85%8E%E3%85%8E HTTP/1.1" 302 -
0:0:0:0:0:0:0:1 - - [15/Oct/2024:17:54:27 +0900] "GET /bizconnect/hr/retList HTTP/1.1" 404 836
0:0:0:0:0:0:0:1 - - [15/Oct/2024:17:55:07 +0900] "GET /bizconnect/retList.do HTTP/1.1" 200 5798
0:0:0:0:0:0:0:1 - - [15/Oct/2024:17:55:09 +0900] "GET /bizconnect/retList.do HTTP/1.1" 200 5798
0:0:0:0:0:0:0:1 - - [15/Oct/2024:17:57:03 +0900] "GET /bizconnect/retList.do HTTP/1.1" 404 721
0:0:0:0:0:0:0:1 - - [15/Oct/2024:17:57:04 +0900] "GET /bizconnect/retList.do HTTP/1.1" 404 721
0:0:0:0:0:0:0:1 - - [15/Oct/2024:17:57:04 +0900] "GET /bizconnect/retList.do HTTP/1.1" 404 721
0:0:0:0:0:0:0:1 - - [15/Oct/2024:17:57:05 +0900] "GET /bizconnect/retList.do HTTP/1.1" 404 721
0:0:0:0:0:0:0:1 - - [15/Oct/2024:17:57:05 +0900] "GET /bizconnect/retList.do HTTP/1.1" 404 721
0:0:0:0:0:0:0:1 - - [15/Oct/2024:17:57:05 +0900] "GET /bizconnect/retList.do HTTP/1.1" 404 721
0:0:0:0:0:0:0:1 - - [15/Oct/2024:17:57:05 +0900] "GET /bizconnect/retList.do HTTP/1.1" 404 721
127.0.0.1 - - [15/Oct/2024:17:57:12 +0900] "GET / HTTP/1.1" 404 807
0:0:0:0:0:0:0:1 - - [15/Oct/2024:17:57:13 +0900] "GET /bizconnect/retList.do HTTP/1.1" 200 8959
0:0:0:0:0:0:0:1 - - [15/Oct/2024:17:57:17 +0900] "GET /bizconnect/retireEditForm.do?retNo=14 HTTP/1.1" 200 1092
0:0:0:0:0:0:0:1 - - [15/Oct/2024:17:57:33 +0900] "GET /bizconnect/retEdit.do?retNo=14&gid=GID008&comCode=COM004&userEntryDate=2023-08-15&retDate=2024-08-15&retTotalDate=366&retType=Termination&exitReason=%E3%85%81%E3%84%B4%EC%9C%A0%E3%85%9C%E3%85%A0%E3%85%81%E3%84%B9&status=N HTTP/1.1" 302 -
0:0:0:0:0:0:0:1 - - [15/Oct/2024:17:57:33 +0900] "GET /bizconnect/retList.do HTTP/1.1" 200 8951
0:0:0:0:0:0:0:1 - - [15/Oct/2024:17:57:55 +0900] "GET /bizconnect/retireEditForm.do?retNo=14 HTTP/1.1" 200 1084
0:0:0:0:0:0:0:1 - - [15/Oct/2024:17:57:57 +0900] "GET /bizconnect/retEdit.do?retNo=14&gid=GID008&comCode=COM004&userEntryDate=2023-08-15&retDate=2024-08-15&retTotalDate=366&retType=Termination&exitReason=%E3%85%81%E3%84%B4%EC%9C%A0%E3%85%9C%E3%85%A0%E3%85%81%E3%84%B9&status=N HTTP/1.1" 302 -
0:0:0:0:0:0:0:1 - - [15/Oct/2024:17:57:57 +0900] "GET /bizconnect/retList.do HTTP/1.1" 200 8951
0:0:0:0:0:0:0:1 - - [15/Oct/2024:17:58:05 +0900] "GET /bizconnect/retireEditForm.do?retNo=13 HTTP/1.1" 200 1091
0:0:0:0:0:0:0:1 - - [15/Oct/2024:17:58:08 +0900] "GET /bizconnect/retEdit.do?retNo=13&gid=GID006&comCode=COM004&userEntryDate=2023-06-20&retDate=2024-06-20&retTotalDate=366&retType=Resignation&exitReason=Better+opportunity+elsewhere&status=Y HTTP/1.1" 302 -
0:0:0:0:0:0:0:1 - - [15/Oct/2024:17:58:08 +0900] "GET /bizconnect/retList.do HTTP/1.1" 200 8867
0:0:0:0:0:0:0:1 - - [15/Oct/2024:17:58:22 +0900] "GET /bizconnect/retireEditForm.do?retNo=14 HTTP/1.1" 200 1084
0:0:0:0:0:0:0:1 - - [15/Oct/2024:17:58:25 +0900] "GET /bizconnect/retEdit.do?retNo=14&gid=GID008&comCode=COM004&userEntryDate=2023-08-15&retDate=2024-08-15&retTotalDate=366&retType=Termination&exitReason=%E3%85%81%E3%84%B4%EC%9C%A0%E3%85%9C%E3%85%A0%E3%85%81%E3%84%B9&status=Y HTTP/1.1" 302 -
0:0:0:0:0:0:0:1 - - [15/Oct/2024:17:58:25 +0900] "GET /bizconnect/retList.do HTTP/1.1" 200 8867
0:0:0:0:0:0:0:1 - - [15/Oct/2024:17:58:50 +0900] "GET /bizconnect/retireEditForm.do?retNo=14 HTTP/1.1" 200 1084
127.0.0.1 - - [15/Oct/2024:21:39:00 +0900] "GET / HTTP/1.1" 404 807
0:0:0:0:0:0:0:1 - - [15/Oct/2024:21:39:03 +0900] "GET /bizconnect/ HTTP/1.1" 404 822
127.0.0.1 - - [15/Oct/2024:21:40:15 +0900] "GET / HTTP/1.1" 404 807
127.0.0.1 - - [15/Oct/2024:21:41:23 +0900] "GET / HTTP/1.1" 404 807
127.0.0.1 - - [15/Oct/2024:21:42:54 +0900] "GET / HTTP/1.1" 404 807
0:0:0:0:0:0:0:1 - - [15/Oct/2024:21:43:03 +0900] "GET /bizconnect/ HTTP/1.1" 200 510
0:0:0:0:0:0:0:1 - - [15/Oct/2024:21:43:13 +0900] "POST /bizconnect/login.do HTTP/1.1" 500 3692
0:0:0:0:0:0:0:1 - - [15/Oct/2024:21:43:20 +0900] "GET /bizconnect/moveAttendanceUpdateM.do HTTP/1.1" 200 6397
0:0:0:0:0:0:0:1 - - [15/Oct/2024:21:43:20 +0900] "GET /bizconnect/resources/js/jquery-3.7.1.min.js HTTP/1.1" 304 -
0:0:0:0:0:0:0:1 - - [15/Oct/2024:21:43:20 +0900] "GET /bizconnect/resources/css/hr/attendanceUpdateM.css?after HTTP/1.1" 304 -
0:0:0:0:0:0:0:1 - - [15/Oct/2024:21:43:20 +0900] "GET /bizconnect/resources/js/hr/attendanceUpdateM.js HTTP/1.1" 304 -
0:0:0:0:0:0:0:1 - - [15/Oct/2024:21:43:20 +0900] "GET /bizconnect/resources/css/common/header.css?after HTTP/1.1" 304 -
0:0:0:0:0:0:0:1 - - [15/Oct/2024:21:43:20 +0900] "GET /bizconnect/resources/css/common/menubar.css HTTP/1.1" 304 -
0:0:0:0:0:0:0:1 - - [15/Oct/2024:21:43:20 +0900] "GET /bizconnect/resources/css/common/footer.css?after HTTP/1.1" 304 -
0:0:0:0:0:0:0:1 - - [15/Oct/2024:21:43:20 +0900] "GET /bizconnect/resources/js/hr.js HTTP/1.1" 304 -
0:0:0:0:0:0:0:1 - - [15/Oct/2024:21:43:26 +0900] "GET /bizconnect/cerList.do?page=1 HTTP/1.1" 500 17559
0:0:0:0:0:0:0:1 - - [15/Oct/2024:21:44:15 +0900] "GET /bizconnect/cerList.do?page=1 HTTP/1.1" 500 17559
0:0:0:0:0:0:0:1 - - [15/Oct/2024:21:44:18 +0900] "GET /bizconnect/moveAttendanceUpdateM.do HTTP/1.1" 200 6349
0:0:0:0:0:0:0:1 - - [15/Oct/2024:21:44:20 +0900] "GET /bizconnect/cerList.do?page=1 HTTP/1.1" 500 17559
127.0.0.1 - - [15/Oct/2024:21:45:36 +0900] "GET / HTTP/1.1" 404 807
0:0:0:0:0:0:0:1 - - [15/Oct/2024:21:45:43 +0900] "GET /bizconnect/cerList.do?page=1 HTTP/1.1" 500 17559
127.0.0.1 - - [15/Oct/2024:22:14:53 +0900] "GET / HTTP/1.1" 404 807
0:0:0:0:0:0:0:1 - - [15/Oct/2024:22:15:00 +0900] "GET /bizconnect/cerList.do?page=1 HTTP/1.1" 500 17559
127.0.0.1 - - [15/Oct/2024:22:15:32 +0900] "GET / HTTP/1.1" 404 807
127.0.0.1 - - [15/Oct/2024:22:16:14 +0900] "GET / HTTP/1.1" 404 807
0:0:0:0:0:0:0:1 - - [15/Oct/2024:22:16:19 +0900] "GET /bizconnect/cerList.do?page=1 HTTP/1.1" 500 17559
0:0:0:0:0:0:0:1 - - [15/Oct/2024:22:16:22 +0900] "GET /bizconnect/moveAttendanceUpdateM.do HTTP/1.1" 200 6349
0:0:0:0:0:0:0:1 - - [15/Oct/2024:22:16:24 +0900] "GET /bizconnect/cerList.do?page=1 HTTP/1.1" 500 17559
0:0:0:0:0:0:0:1 - - [15/Oct/2024:22:16:44 +0900] "GET /bizconnect/cerList.do?page=1 HTTP/1.1" 500 17559
0:0:0:0:0:0:0:1 - - [15/Oct/2024:22:26:33 +0900] "GET /bizconnect/moveAttendanceUpdateM.do HTTP/1.1" 404 721
0:0:0:0:0:0:0:1 - - [15/Oct/2024:22:26:40 +0900] "GET /bizconnect/moveAttendanceUpdateM.do HTTP/1.1" 404 721
0:0:0:0:0:0:0:1 - - [15/Oct/2024:22:26:40 +0900] "GET /favicon.ico HTTP/1.1" 404 818
127.0.0.1 - - [15/Oct/2024:22:26:45 +0900] "GET / HTTP/1.1" 404 807
0:0:0:0:0:0:0:1 - - [15/Oct/2024:22:26:46 +0900] "GET /bizconnect/moveAttendanceUpdateM.do HTTP/1.1" 200 6349
0:0:0:0:0:0:0:1 - - [15/Oct/2024:22:26:48 +0900] "GET /bizconnect/cerList.do?page=1 HTTP/1.1" 500 17559
0:0:0:0:0:0:0:1 - - [15/Oct/2024:22:31:26 +0900] "GET /bizconnect/cerList.do?page=1 HTTP/1.1" 404 721
127.0.0.1 - - [15/Oct/2024:22:31:31 +0900] "GET / HTTP/1.1" 404 807
0:0:0:0:0:0:0:1 - - [15/Oct/2024:22:31:33 +0900] "GET /bizconnect/cerList.do?page=1 HTTP/1.1" 500 17573
127.0.0.1 - - [15/Oct/2024:22:32:21 +0900] "GET / HTTP/1.1" 404 807
0:0:0:0:0:0:0:1 - - [15/Oct/2024:22:32:28 +0900] "GET /bizconnect/cerList.do?page=1 HTTP/1.1" 500 17573
127.0.0.1 - - [15/Oct/2024:22:33:16 +0900] "GET / HTTP/1.1" 404 807
0:0:0:0:0:0:0:1 - - [15/Oct/2024:22:33:18 +0900] "GET /bizconnect/cerList.do?page=1 HTTP/1.1" 500 12373
0:0:0:0:0:0:0:1 - - [15/Oct/2024:22:33:20 +0900] "GET /bizconnect/cerList.do?page=1 HTTP/1.1" 500 12373
127.0.0.1 - - [15/Oct/2024:22:34:11 +0900] "GET / HTTP/1.1" 404 807
0:0:0:0:0:0:0:1 - - [15/Oct/2024:22:34:16 +0900] "GET /bizconnect/cerList.do?page=1 HTTP/1.1" 500 12373
127.0.0.1 - - [15/Oct/2024:22:43:10 +0900] "GET / HTTP/1.1" 404 807
0:0:0:0:0:0:0:1 - - [15/Oct/2024:22:43:14 +0900] "GET /bizconnect/cerList.do?page=1 HTTP/1.1" 500 22062
127.0.0.1 - - [15/Oct/2024:22:45:06 +0900] "GET / HTTP/1.1" 404 807
0:0:0:0:0:0:0:1 - - [15/Oct/2024:22:45:08 +0900] "GET /bizconnect/cerList.do?page=1 HTTP/1.1" 500 6211
0:0:0:0:0:0:0:1 - - [15/Oct/2024:22:45:09 +0900] "GET /bizconnect/cerList.do?page=1 HTTP/1.1" 500 6211
